Archive member included to satisfy reference by file (symbol)

c:/st/stm32cubeide_1.1.0/stm32cubeide/plugins/com.st.stm32cube.ide.mcu.externaltools.gnu-tools-for-stm32.7-2018-q2-update.win32_1.0.0.201904181610/tools/bin/../lib/gcc/arm-none-eabi/7.3.1/../../../../arm-none-eabi/lib/thumb/v7e-m/fpv4-sp/hard\libc_nano.a(lib_a-errno.o)
                              Core/Src/syscalls.o (__errno)
c:/st/stm32cubeide_1.1.0/stm32cubeide/plugins/com.st.stm32cube.ide.mcu.externaltools.gnu-tools-for-stm32.7-2018-q2-update.win32_1.0.0.201904181610/tools/bin/../lib/gcc/arm-none-eabi/7.3.1/../../../../arm-none-eabi/lib/thumb/v7e-m/fpv4-sp/hard\libc_nano.a(lib_a-exit.o)
                              c:/st/stm32cubeide_1.1.0/stm32cubeide/plugins/com.st.stm32cube.ide.mcu.externaltools.gnu-tools-for-stm32.7-2018-q2-update.win32_1.0.0.201904181610/tools/bin/../lib/gcc/arm-none-eabi/7.3.1/../../../../arm-none-eabi/lib/thumb/v7e-m/fpv4-sp/hard/crt0.o (exit)
c:/st/stm32cubeide_1.1.0/stm32cubeide/plugins/com.st.stm32cube.ide.mcu.externaltools.gnu-tools-for-stm32.7-2018-q2-update.win32_1.0.0.201904181610/tools/bin/../lib/gcc/arm-none-eabi/7.3.1/../../../../arm-none-eabi/lib/thumb/v7e-m/fpv4-sp/hard\libc_nano.a(lib_a-impure.o)
                              c:/st/stm32cubeide_1.1.0/stm32cubeide/plugins/com.st.stm32cube.ide.mcu.externaltools.gnu-tools-for-stm32.7-2018-q2-update.win32_1.0.0.201904181610/tools/bin/../lib/gcc/arm-none-eabi/7.3.1/../../../../arm-none-eabi/lib/thumb/v7e-m/fpv4-sp/hard\libc_nano.a(lib_a-exit.o) (_global_impure_ptr)
c:/st/stm32cubeide_1.1.0/stm32cubeide/plugins/com.st.stm32cube.ide.mcu.externaltools.gnu-tools-for-stm32.7-2018-q2-update.win32_1.0.0.201904181610/tools/bin/../lib/gcc/arm-none-eabi/7.3.1/../../../../arm-none-eabi/lib/thumb/v7e-m/fpv4-sp/hard\libc_nano.a(lib_a-init.o)
                              c:/st/stm32cubeide_1.1.0/stm32cubeide/plugins/com.st.stm32cube.ide.mcu.externaltools.gnu-tools-for-stm32.7-2018-q2-update.win32_1.0.0.201904181610/tools/bin/../lib/gcc/arm-none-eabi/7.3.1/../../../../arm-none-eabi/lib/thumb/v7e-m/fpv4-sp/hard/crt0.o (__libc_init_array)
c:/st/stm32cubeide_1.1.0/stm32cubeide/plugins/com.st.stm32cube.ide.mcu.externaltools.gnu-tools-for-stm32.7-2018-q2-update.win32_1.0.0.201904181610/tools/bin/../lib/gcc/arm-none-eabi/7.3.1/../../../../arm-none-eabi/lib/thumb/v7e-m/fpv4-sp/hard\libc_nano.a(lib_a-memcpy-stub.o)
                              Middlewares/Third_Party/FreeRTOS/Source/CMSIS_RTOS_V2/cmsis_os2.o (memcpy)
c:/st/stm32cubeide_1.1.0/stm32cubeide/plugins/com.st.stm32cube.ide.mcu.externaltools.gnu-tools-for-stm32.7-2018-q2-update.win32_1.0.0.201904181610/tools/bin/../lib/gcc/arm-none-eabi/7.3.1/../../../../arm-none-eabi/lib/thumb/v7e-m/fpv4-sp/hard\libc_nano.a(lib_a-memset.o)
                              c:/st/stm32cubeide_1.1.0/stm32cubeide/plugins/com.st.stm32cube.ide.mcu.externaltools.gnu-tools-for-stm32.7-2018-q2-update.win32_1.0.0.201904181610/tools/bin/../lib/gcc/arm-none-eabi/7.3.1/../../../../arm-none-eabi/lib/thumb/v7e-m/fpv4-sp/hard/crt0.o (memset)
c:/st/stm32cubeide_1.1.0/stm32cubeide/plugins/com.st.stm32cube.ide.mcu.externaltools.gnu-tools-for-stm32.7-2018-q2-update.win32_1.0.0.201904181610/tools/bin/../lib/gcc/arm-none-eabi/7.3.1/../../../../arm-none-eabi/lib/thumb/v7e-m/fpv4-sp/hard\libc_nano.a(lib_a-sprintf.o)
                              Core/Src/main.o (sprintf)
c:/st/stm32cubeide_1.1.0/stm32cubeide/plugins/com.st.stm32cube.ide.mcu.externaltools.gnu-tools-for-stm32.7-2018-q2-update.win32_1.0.0.201904181610/tools/bin/../lib/gcc/arm-none-eabi/7.3.1/../../../../arm-none-eabi/lib/thumb/v7e-m/fpv4-sp/hard\libc_nano.a(lib_a-strlen.o)
                              Core/Src/main.o (strlen)
c:/st/stm32cubeide_1.1.0/stm32cubeide/plugins/com.st.stm32cube.ide.mcu.externaltools.gnu-tools-for-stm32.7-2018-q2-update.win32_1.0.0.201904181610/tools/bin/../lib/gcc/arm-none-eabi/7.3.1/../../../../arm-none-eabi/lib/thumb/v7e-m/fpv4-sp/hard\libc_nano.a(lib_a-nano-svfprintf.o)
                              c:/st/stm32cubeide_1.1.0/stm32cubeide/plugins/com.st.stm32cube.ide.mcu.externaltools.gnu-tools-for-stm32.7-2018-q2-update.win32_1.0.0.201904181610/tools/bin/../lib/gcc/arm-none-eabi/7.3.1/../../../../arm-none-eabi/lib/thumb/v7e-m/fpv4-sp/hard\libc_nano.a(lib_a-sprintf.o) (_svfprintf_r)
c:/st/stm32cubeide_1.1.0/stm32cubeide/plugins/com.st.stm32cube.ide.mcu.externaltools.gnu-tools-for-stm32.7-2018-q2-update.win32_1.0.0.201904181610/tools/bin/../lib/gcc/arm-none-eabi/7.3.1/../../../../arm-none-eabi/lib/thumb/v7e-m/fpv4-sp/hard\libc_nano.a(lib_a-nano-vfprintf_i.o)
                              c:/st/stm32cubeide_1.1.0/stm32cubeide/plugins/com.st.stm32cube.ide.mcu.externaltools.gnu-tools-for-stm32.7-2018-q2-update.win32_1.0.0.201904181610/tools/bin/../lib/gcc/arm-none-eabi/7.3.1/../../../../arm-none-eabi/lib/thumb/v7e-m/fpv4-sp/hard\libc_nano.a(lib_a-nano-svfprintf.o) (_printf_i)
[...]
Memory Configuration

Name             Origin             Length             Attributes
RAM              0x0000000020000000 0x0000000000018000 xrw
RAM2             0x0000000010000000 0x0000000000008000 xrw
FLASH            0x0000000008000000 0x0000000000100000 xr
*default*        0x0000000000000000 0xffffffffffffffff

Linker script and memory map

LOAD c:/st/stm32cubeide_1.1.0/stm32cubeide/plugins/com.st.stm32cube.ide.mcu.externaltools.gnu-tools-for-stm32.7-2018-q2-update.win32_1.0.0.201904181610/tools/bin/../lib/gcc/arm-none-eabi/7.3.1/thumb/v7e-m/fpv4-sp/hard/crti.o
LOAD c:/st/stm32cubeide_1.1.0/stm32cubeide/plugins/com.st.stm32cube.ide.mcu.externaltools.gnu-tools-for-stm32.7-2018-q2-update.win32_1.0.0.201904181610/tools/bin/../lib/gcc/arm-none-eabi/7.3.1/thumb/v7e-m/fpv4-sp/hard/crtbegin.o
LOAD c:/st/stm32cubeide_1.1.0/stm32cubeide/plugins/com.st.stm32cube.ide.mcu.externaltools.gnu-tools-for-stm32.7-2018-q2-update.win32_1.0.0.201904181610/tools/bin/../lib/gcc/arm-none-eabi/7.3.1/../../../../arm-none-eabi/lib/thumb/v7e-m/fpv4-sp/hard/crt0.o
LOAD Core/Src/breaks.o
LOAD Core/Src/customers.o
LOAD Core/Src/freertos.o
LOAD Core/Src/main.o
LOAD Core/Src/my_queue.o
LOAD Core/Src/stm32l4xx_hal_msp.o
LOAD Core/Src/stm32l4xx_hal_timebase_tim.o
LOAD Core/Src/stm32l4xx_it.o
LOAD Core/Src/syscalls.o
LOAD Core/Src/sysmem.o
LOAD Core/Src/system_stm32l4xx.o
LOAD Core/Src/tellers.o
LOAD Core/Startup/startup_stm32l476vgtx.o
LOAD Drivers/STM32L4xx_HAL_Driver/Src/stm32l4xx_hal.o
LOAD Drivers/STM32L4xx_HAL_Driver/Src/stm32l4xx_hal_cortex.o
LOAD Drivers/STM32L4xx_HAL_Driver/Src/stm32l4xx_hal_dma.o
LOAD Drivers/STM32L4xx_HAL_Driver/Src/stm32l4xx_hal_dma_ex.o
LOAD Drivers/STM32L4xx_HAL_Driver/Src/stm32l4xx_hal_exti.o
LOAD Drivers/STM32L4xx_HAL_Driver/Src/stm32l4xx_hal_flash.o
LOAD Drivers/STM32L4xx_HAL_Driver/Src/stm32l4xx_hal_flash_ex.o
LOAD Drivers/STM32L4xx_HAL_Driver/Src/stm32l4xx_hal_flash_ramfunc.o
LOAD Drivers/STM32L4xx_HAL_Driver/Src/stm32l4xx_hal_gpio.o
LOAD Drivers/STM32L4xx_HAL_Driver/Src/stm32l4xx_hal_i2c.o
LOAD Drivers/STM32L4xx_HAL_Driver/Src/stm32l4xx_hal_i2c_ex.o
LOAD Drivers/STM32L4xx_HAL_Driver/Src/stm32l4xx_hal_pwr.o
LOAD Drivers/STM32L4xx_HAL_Driver/Src/stm32l4xx_hal_pwr_ex.o
LOAD Drivers/STM32L4xx_HAL_Driver/Src/stm32l4xx_hal_rcc.o
LOAD Drivers/STM32L4xx_HAL_Driver/Src/stm32l4xx_hal_rcc_ex.o
LOAD Drivers/STM32L4xx_HAL_Driver/Src/stm32l4xx_hal_rng.o
LOAD Drivers/STM32L4xx_HAL_Driver/Src/stm32l4xx_hal_tim.o
LOAD Drivers/STM32L4xx_HAL_Driver/Src/stm32l4xx_hal_tim_ex.o
LOAD Drivers/STM32L4xx_HAL_Driver/Src/stm32l4xx_hal_uart.o
LOAD Drivers/STM32L4xx_HAL_Driver/Src/stm32l4xx_hal_uart_ex.o
LOAD Middlewares/Third_Party/FreeRTOS/Source/CMSIS_RTOS_V2/cmsis_os2.o
LOAD Middlewares/Third_Party/FreeRTOS/Source/croutine.o
LOAD Middlewares/Third_Party/FreeRTOS/Source/event_groups.o
LOAD Middlewares/Third_Party/FreeRTOS/Source/list.o
LOAD Middlewares/Third_Party/FreeRTOS/Source/queue.o
LOAD Middlewares/Third_Party/FreeRTOS/Source/stream_buffer.o
LOAD Middlewares/Third_Party/FreeRTOS/Source/tasks.o
LOAD Middlewares/Third_Party/FreeRTOS/Source/timers.o
LOAD Middlewares/Third_Party/FreeRTOS/Source/portable/GCC/ARM_CM4F/port.o
LOAD Middlewares/Third_Party/FreeRTOS/Source/portable/MemMang/heap_4.o
START GROUP
LOAD c:/st/stm32cubeide_1.1.0/stm32cubeide/plugins/com.st.stm32cube.ide.mcu.externaltools.gnu-tools-for-stm32.7-2018-q2-update.win32_1.0.0.201904181610/tools/bin/../lib/gcc/arm-none-eabi/7.3.1/../../../../arm-none-eabi/lib/thumb/v7e-m/fpv4-sp/hard\libc_nano.a
LOAD c:/st/stm32cubeide_1.1.0/stm32cubeide/plugins/com.st.stm32cube.ide.mcu.externaltools.gnu-tools-for-stm32.7-2018-q2-update.win32_1.0.0.201904181610/tools/bin/../lib/gcc/arm-none-eabi/7.3.1/../../../../arm-none-eabi/lib/thumb/v7e-m/fpv4-sp/hard\libm.a
END GROUP
START GROUP
LOAD c:/st/stm32cubeide_1.1.0/stm32cubeide/plugins/com.st.stm32cube.ide.mcu.externaltools.gnu-tools-for-stm32.7-2018-q2-update.win32_1.0.0.201904181610/tools/bin/../lib/gcc/arm-none-eabi/7.3.1/thumb/v7e-m/fpv4-sp/hard\libgcc.a
LOAD c:/st/stm32cubeide_1.1.0/stm32cubeide/plugins/com.st.stm32cube.ide.mcu.externaltools.gnu-tools-for-stm32.7-2018-q2-update.win32_1.0.0.201904181610/tools/bin/../lib/gcc/arm-none-eabi/7.3.1/../../../../arm-none-eabi/lib/thumb/v7e-m/fpv4-sp/hard\libc_nano.a
END GROUP
START GROUP
LOAD c:/st/stm32cubeide_1.1.0/stm32cubeide/plugins/com.st.stm32cube.ide.mcu.externaltools.gnu-tools-for-stm32.7-2018-q2-update.win32_1.0.0.201904181610/tools/bin/../lib/gcc/arm-none-eabi/7.3.1/thumb/v7e-m/fpv4-sp/hard\libgcc.a
LOAD c:/st/stm32cubeide_1.1.0/stm32cubeide/plugins/com.st.stm32cube.ide.mcu.externaltools.gnu-tools-for-stm32.7-2018-q2-update.win32_1.0.0.201904181610/tools/bin/../lib/gcc/arm-none-eabi/7.3.1/../../../../arm-none-eabi/lib/thumb/v7e-m/fpv4-sp/hard\libc_nano.a
LOAD c:/st/stm32cubeide_1.1.0/stm32cubeide/plugins/com.st.stm32cube.ide.mcu.externaltools.gnu-tools-for-stm32.7-2018-q2-update.win32_1.0.0.201904181610/tools/bin/../lib/gcc/arm-none-eabi/7.3.1/../../../../arm-none-eabi/lib/thumb/v7e-m/fpv4-sp/hard\libnosys.a
END GROUP
START GROUP
LOAD c:/st/stm32cubeide_1.1.0/stm32cubeide/plugins/com.st.stm32cube.ide.mcu.externaltools.gnu-tools-for-stm32.7-2018-q2-update.win32_1.0.0.201904181610/tools/bin/../lib/gcc/arm-none-eabi/7.3.1/thumb/v7e-m/fpv4-sp/hard\libgcc.a
LOAD c:/st/stm32cubeide_1.1.0/stm32cubeide/plugins/com.st.stm32cube.ide.mcu.externaltools.gnu-tools-for-stm32.7-2018-q2-update.win32_1.0.0.201904181610/tools/bin/../lib/gcc/arm-none-eabi/7.3.1/../../../../arm-none-eabi/lib/thumb/v7e-m/fpv4-sp/hard\libc_nano.a
LOAD c:/st/stm32cubeide_1.1.0/stm32cubeide/plugins/com.st.stm32cube.ide.mcu.externaltools.gnu-tools-for-stm32.7-2018-q2-update.win32_1.0.0.201904181610/tools/bin/../lib/gcc/arm-none-eabi/7.3.1/../../../../arm-none-eabi/lib/thumb/v7e-m/fpv4-sp/hard\libnosys.a
END GROUP
LOAD c:/st/stm32cubeide_1.1.0/stm32cubeide/plugins/com.st.stm32cube.ide.mcu.externaltools.gnu-tools-for-stm32.7-2018-q2-update.win32_1.0.0.201904181610/tools/bin/../lib/gcc/arm-none-eabi/7.3.1/thumb/v7e-m/fpv4-sp/hard/crtend.o
LOAD c:/st/stm32cubeide_1.1.0/stm32cubeide/plugins/com.st.stm32cube.ide.mcu.externaltools.gnu-tools-for-stm32.7-2018-q2-update.win32_1.0.0.201904181610/tools/bin/../lib/gcc/arm-none-eabi/7.3.1/thumb/v7e-m/fpv4-sp/hard/crtn.o
                0x0000000020018000                _estack = (ORIGIN (RAM) + LENGTH (RAM))
                0x0000000000000200                _Min_Heap_Size = 0x200
                0x0000000000000400                _Min_Stack_Size = 0x400

.isr_vector     0x0000000008000000      0x188
                0x0000000008000000                . = ALIGN (0x4)
 *(.isr_vector)
 .isr_vector    0x0000000008000000      0x188 Core/Startup/startup_stm32l476vgtx.o
                0x0000000008000000                g_pfnVectors
                0x0000000008000188                . = ALIGN (0x4)

.text           0x0000000008000190     0x8d08
                0x0000000008000190                . = ALIGN (0x4)
 *(.text)
 .text          0x0000000008000190       0x40 c:/st/stm32cubeide_1.1.0/stm32cubeide/plugins/com.st.stm32cube.ide.mcu.externaltools.gnu-tools-for-stm32.7-2018-q2-update.win32_1.0.0.201904181610/tools/bin/../lib/gcc/arm-none-eabi/7.3.1/thumb/v7e-m/fpv4-sp/hard/crtbegin.o
 .text          0x00000000080001d0       0x10 c:/st/stm32cubeide_1.1.0/stm32cubeide/plugins/com.st.stm32cube.ide.mcu.externaltools.gnu-tools-for-stm32.7-2018-q2-update.win32_1.0.0.201904181610/tools/bin/../lib/gcc/arm-none-eabi/7.3.1/../../../../arm-none-eabi/lib/thumb/v7e-m/fpv4-sp/hard\libc_nano.a(lib_a-strlen.o)
                0x00000000080001d0                strlen
 .text          0x00000000080001e0       0xa0 c:/st/stm32cubeide_1.1.0/stm32cubeide/plugins/com.st.stm32cube.ide.mcu.externaltools.gnu-tools-for-stm32.7-2018-q2-update.win32_1.0.0.201904181610/tools/bin/../lib/gcc/arm-none-eabi/7.3.1/../../../../arm-none-eabi/lib/thumb/v7e-m/fpv4-sp/hard\libc_nano.a(lib_a-memchr.o)
                0x00000000080001e0                memchr
 .text          0x0000000008000280       0x30 c:/st/stm32cubeide_1.1.0/stm32cubeide/plugins/com.st.stm32cube.ide.mcu.externaltools.gnu-tools-for-stm32.7-2018-q2-update.win32_1.0.0.201904181610/tools/bin/../lib/gcc/arm-none-eabi/7.3.1/thumb/v7e-m/fpv4-sp/hard\libgcc.a(_aeabi_uldivmod.o)
                0x0000000008000280                __aeabi_uldivmod
 .text          0x00000000080002b0      0x2cc c:/st/stm32cubeide_1.1.0/stm32cubeide/plugins/com.st.stm32cube.ide.mcu.externaltools.gnu-tools-for-stm32.7-2018-q2-update.win32_1.0.0.201904181610/tools/bin/../lib/gcc/arm-none-eabi/7.3.1/thumb/v7e-m/fpv4-sp/hard\libgcc.a(_udivmoddi4.o)
                0x00000000080002b0                __udivmoddi4
 .text          0x000000000800057c        0x4 c:/st/stm32cubeide_1.1.0/stm32cubeide/plugins/com.st.stm32cube.ide.mcu.externaltools.gnu-tools-for-stm32.7-2018-q2-update.win32_1.0.0.201904181610/tools/bin/../lib/gcc/arm-none-eabi/7.3.1/thumb/v7e-m/fpv4-sp/hard\libgcc.a(_dvmd_tls.o)
                0x000000000800057c                __aeabi_idiv0
                0x000000000800057c                __aeabi_ldiv0
 *(.text*)
 .text.init_breaks
                0x0000000008000580       0x30 Core/Src/breaks.o
                0x0000000008000580                init_breaks
 .text.update_breaks_metrics
                0x00000000080005b0       0x4e Core/Src/breaks.o
                0x00000000080005b0                update_breaks_metrics
 *fill*         0x00000000080005fe        0x2 
 .text.generate_break_length
                0x0000000008000600       0x30 Core/Src/breaks.o
                0x0000000008000600                generate_break_length
 .text.generate_time_until_break
                0x0000000008000630       0x30 Core/Src/breaks.o
                0x0000000008000630                generate_time_until_break
 .text.Generate_Customer
                0x0000000008000660       0x2e Core/Src/customers.o
                0x0000000008000660                Generate_Customer
 *fill*         0x000000000800068e        0x2 
 .text.generate_interaction_time
                0x0000000008000690       0x30 Core/Src/customers.o
 .text.main     0x00000000080006c0       0xe8 Core/Src/main.o
                0x00000000080006c0                main
 .text.SystemClock_Config
                0x00000000080007a8      0x138 Core/Src/main.o
                0x00000000080007a8                SystemClock_Config
 .text.MX_RNG_Init
                0x00000000080008e0       0x28 Core/Src/main.o
 .text.MX_TIM2_Init
                0x0000000008000908       0xac Core/Src/main.o
 .text.MX_USART2_UART_Init
                0x00000000080009b4       0x60 Core/Src/main.o
 .text.MX_GPIO_Init
                0x0000000008000a14      0x400 Core/Src/main.o
 .text.teller_process
                0x0000000008000e14      0x270 Core/Src/main.o
 .text.StartDefaultTask
                0x0000000008001084      0x828 Core/Src/main.o
                0x0000000008001084                StartDefaultTask
 .text.StartTask02
                0x00000000080018ac       0x16 Core/Src/main.o
                0x00000000080018ac                StartTask02
 .text.StartTask03
                0x00000000080018c2       0x16 Core/Src/main.o
                0x00000000080018c2                StartTask03
 .text.StartTask04
                0x00000000080018d8       0x16 Core/Src/main.o
                0x00000000080018d8                StartTask04
 *fill*         0x00000000080018ee        0x2 
 .text.HAL_TIM_PeriodElapsedCallback
                0x00000000080018f0       0x24 Core/Src/main.o
                0x00000000080018f0                HAL_TIM_PeriodElapsedCallback
 .text.Error_Handler
                0x0000000008001914        0xe Core/Src/main.o
                0x0000000008001914                Error_Handler
 .text.init_queue
                0x0000000008001922       0x5a Core/Src/my_queue.o
                0x0000000008001922                init_queue
 .text.enqueue  0x000000000800197c       0x5a Core/Src/my_queue.o
                0x000000000800197c                enqueue
 .text.dequeue  0x00000000080019d6       0x62 Core/Src/my_queue.o
                0x00000000080019d6                dequeue
 .text.add_customer
                0x0000000008001a38       0x70 Core/Src/my_queue.o
                0x0000000008001a38                add_customer
 .text.generate_time_for_new_cust
                0x0000000008001aa8       0x30 Core/Src/my_queue.o
                0x0000000008001aa8                generate_time_for_new_cust
 .text.is_empty
                0x0000000008001ad8       0x22 Core/Src/my_queue.o
                0x0000000008001ad8                is_empty
 *fill*         0x0000000008001afa        0x2 
 .text.HAL_MspInit
                0x0000000008001afc       0x50 Core/Src/stm32l4xx_hal_msp.o
                0x0000000008001afc                HAL_MspInit
 .text.HAL_RNG_MspInit
                0x0000000008001b4c       0x40 Core/Src/stm32l4xx_hal_msp.o
                0x0000000008001b4c                HAL_RNG_MspInit
 .text.HAL_TIM_Base_MspInit
                0x0000000008001b8c       0x48 Core/Src/stm32l4xx_hal_msp.o
                0x0000000008001b8c                HAL_TIM_Base_MspInit
 .text.HAL_UART_MspInit
                0x0000000008001bd4       0x88 Core/Src/stm32l4xx_hal_msp.o
                0x0000000008001bd4                HAL_UART_MspInit
 .text.HAL_InitTick
                0x0000000008001c5c       0xac Core/Src/stm32l4xx_hal_timebase_tim.o
                0x0000000008001c5c                HAL_InitTick
 .text.NMI_Handler
                0x0000000008001d08        0xe Core/Src/stm32l4xx_it.o
                0x0000000008001d08                NMI_Handler
 .text.HardFault_Handler
                0x0000000008001d16        0x6 Core/Src/stm32l4xx_it.o
                0x0000000008001d16                HardFault_Handler
 .text.MemManage_Handler
                0x0000000008001d1c        0x6 Core/Src/stm32l4xx_it.o
                0x0000000008001d1c                MemManage_Handler
 .text.BusFault_Handler
                0x0000000008001d22        0x6 Core/Src/stm32l4xx_it.o
                0x0000000008001d22                BusFault_Handler
 .text.UsageFault_Handler
                0x0000000008001d28        0x6 Core/Src/stm32l4xx_it.o
                0x0000000008001d28                UsageFault_Handler
 .text.DebugMon_Handler
                0x0000000008001d2e        0xe Core/Src/stm32l4xx_it.o
                0x0000000008001d2e                DebugMon_Handler
 .text.TIM1_UP_TIM16_IRQHandler
                0x0000000008001d3c       0x14 Core/Src/stm32l4xx_it.o
                0x0000000008001d3c                TIM1_UP_TIM16_IRQHandler
 .text.TIM2_IRQHandler
                0x0000000008001d50       0x20 Core/Src/stm32l4xx_it.o
                0x0000000008001d50                TIM2_IRQHandler
 .text._sbrk    0x0000000008001d70       0x58 Core/Src/sysmem.o
                0x0000000008001d70                _sbrk
 .text.SystemInit
                0x0000000008001dc8       0x6c Core/Src/system_stm32l4xx.o
                0x0000000008001dc8                SystemInit
 .text.init_teller
                0x0000000008001e34       0x72 Core/Src/tellers.o
                0x0000000008001e34                init_teller
 *fill*         0x0000000008001ea6        0x2 
 .text.Reset_Handler
                0x0000000008001ea8       0x50 Core/Startup/startup_stm32l476vgtx.o
                0x0000000008001ea8                Reset_Handler
 .text.Default_Handler
                0x0000000008001ef8        0x2 Core/Startup/startup_stm32l476vgtx.o
                0x0000000008001ef8                RTC_Alarm_IRQHandler
                0x0000000008001ef8                EXTI2_IRQHandler
                0x0000000008001ef8                TIM8_TRG_COM_IRQHandler
                0x0000000008001ef8                TIM8_CC_IRQHandler
                0x0000000008001ef8                TIM1_CC_IRQHandler
                0x0000000008001ef8                TSC_IRQHandler
                0x0000000008001ef8                TAMP_STAMP_IRQHandler
                0x0000000008001ef8                EXTI3_IRQHandler
                0x0000000008001ef8                LPTIM2_IRQHandler
                0x0000000008001ef8                DFSDM1_FLT1_IRQHandler
                0x0000000008001ef8                I2C3_ER_IRQHandler
                0x0000000008001ef8                DFSDM1_FLT2_IRQHandler
                0x0000000008001ef8                EXTI0_IRQHandler
                0x0000000008001ef8                I2C2_EV_IRQHandler
                0x0000000008001ef8                CAN1_RX0_IRQHandler
                0x0000000008001ef8                FPU_IRQHandler
                0x0000000008001ef8                ADC1_2_IRQHandler
                0x0000000008001ef8                SPI1_IRQHandler
                0x0000000008001ef8                TIM6_DAC_IRQHandler
                0x0000000008001ef8                TIM8_UP_IRQHandler
                0x0000000008001ef8                DMA2_Channel2_IRQHandler
                0x0000000008001ef8                DMA1_Channel4_IRQHandler
                0x0000000008001ef8                SAI2_IRQHandler
                0x0000000008001ef8                DFSDM1_FLT3_IRQHandler
                0x0000000008001ef8                USART3_IRQHandler
                0x0000000008001ef8                DMA1_Channel7_IRQHandler
                0x0000000008001ef8                CAN1_RX1_IRQHandler
                0x0000000008001ef8                LCD_IRQHandler
                0x0000000008001ef8                UART5_IRQHandler
                0x0000000008001ef8                ADC3_IRQHandler
                0x0000000008001ef8                TIM4_IRQHandler
                0x0000000008001ef8                DMA2_Channel1_IRQHandler
                0x0000000008001ef8                QUADSPI_IRQHandler
                0x0000000008001ef8                I2C1_EV_IRQHandler
                0x0000000008001ef8                DMA1_Channel6_IRQHandler
                0x0000000008001ef8                UART4_IRQHandler
                0x0000000008001ef8                DMA2_Channel4_IRQHandler
                0x0000000008001ef8                TIM3_IRQHandler
                0x0000000008001ef8                RCC_IRQHandler
                0x0000000008001ef8                DMA1_Channel1_IRQHandler
                0x0000000008001ef8                Default_Handler
                0x0000000008001ef8                DMA2_Channel7_IRQHandler
                0x0000000008001ef8                EXTI15_10_IRQHandler
                0x0000000008001ef8                TIM7_IRQHandler
                0x0000000008001ef8                SDMMC1_IRQHandler
                0x0000000008001ef8                TIM5_IRQHandler
                0x0000000008001ef8                I2C3_EV_IRQHandler
                0x0000000008001ef8                EXTI9_5_IRQHandler
                0x0000000008001ef8                RTC_WKUP_IRQHandler
                0x0000000008001ef8                PVD_PVM_IRQHandler
                0x0000000008001ef8                SPI2_IRQHandler
                0x0000000008001ef8                CAN1_TX_IRQHandler
                0x0000000008001ef8                DMA2_Channel5_IRQHandler
                0x0000000008001ef8                DMA1_Channel5_IRQHandler
                0x0000000008001ef8                EXTI4_IRQHandler
                0x0000000008001ef8                RNG_IRQHandler
                0x0000000008001ef8                TIM1_TRG_COM_TIM17_IRQHandler
                0x0000000008001ef8                DMA1_Channel3_IRQHandler
                0x0000000008001ef8                COMP_IRQHandler
                0x0000000008001ef8                WWDG_IRQHandler
                0x0000000008001ef8                LPUART1_IRQHandler
                0x0000000008001ef8                DMA2_Channel6_IRQHandler
                0x0000000008001ef8                EXTI1_IRQHandler
                0x0000000008001ef8                USART2_IRQHandler
                0x0000000008001ef8                DFSDM1_FLT0_IRQHandler
                0x0000000008001ef8                I2C2_ER_IRQHandler
                0x0000000008001ef8                DMA1_Channel2_IRQHandler
                0x0000000008001ef8                TIM8_BRK_IRQHandler
                0x0000000008001ef8                CAN1_SCE_IRQHandler
                0x0000000008001ef8                FLASH_IRQHandler
                0x0000000008001ef8                USART1_IRQHandler
                0x0000000008001ef8                OTG_FS_IRQHandler
                0x0000000008001ef8                SPI3_IRQHandler
                0x0000000008001ef8                I2C1_ER_IRQHandler
                0x0000000008001ef8                FMC_IRQHandler
                0x0000000008001ef8                SWPMI1_IRQHandler
                0x0000000008001ef8                LPTIM1_IRQHandler
                0x0000000008001ef8                SAI1_IRQHandler
                0x0000000008001ef8                DMA2_Channel3_IRQHandler
                0x0000000008001ef8                TIM1_BRK_TIM15_IRQHandler
 *fill*         0x0000000008001efa        0x2 
 .text.HAL_Init
                0x0000000008001efc       0x40 Drivers/STM32L4xx_HAL_Driver/Src/stm32l4xx_hal.o
                0x0000000008001efc                HAL_Init
 .text.HAL_IncTick
                0x0000000008001f3c       0x24 Drivers/STM32L4xx_HAL_Driver/Src/stm32l4xx_hal.o
                0x0000000008001f3c                HAL_IncTick
 .text.HAL_GetTick
                0x0000000008001f60       0x18 Drivers/STM32L4xx_HAL_Driver/Src/stm32l4xx_hal.o
                0x0000000008001f60                HAL_GetTick
 .text.__NVIC_SetPriorityGrouping
                0x0000000008001f78       0x48 Drivers/STM32L4xx_HAL_Driver/Src/stm32l4xx_hal_cortex.o
 .text.__NVIC_GetPriorityGrouping
                0x0000000008001fc0       0x1c Drivers/STM32L4xx_HAL_Driver/Src/stm32l4xx_hal_cortex.o
 .text.__NVIC_EnableIRQ
                0x0000000008001fdc       0x3c Drivers/STM32L4xx_HAL_Driver/Src/stm32l4xx_hal_cortex.o
 .text.__NVIC_SetPriority
                0x0000000008002018       0x54 Drivers/STM32L4xx_HAL_Driver/Src/stm32l4xx_hal_cortex.o
 .text.NVIC_EncodePriority
                0x000000000800206c       0x66 Drivers/STM32L4xx_HAL_Driver/Src/stm32l4xx_hal_cortex.o
 .text.HAL_NVIC_SetPriorityGrouping
                0x00000000080020d2       0x16 Drivers/STM32L4xx_HAL_Driver/Src/stm32l4xx_hal_cortex.o
                0x00000000080020d2                HAL_NVIC_SetPriorityGrouping
 .text.HAL_NVIC_SetPriority
                0x00000000080020e8       0x38 Drivers/STM32L4xx_HAL_Driver/Src/stm32l4xx_hal_cortex.o
                0x00000000080020e8                HAL_NVIC_SetPriority
 .text.HAL_NVIC_EnableIRQ
                0x0000000008002120       0x1c Drivers/STM32L4xx_HAL_Driver/Src/stm32l4xx_hal_cortex.o
                0x0000000008002120                HAL_NVIC_EnableIRQ
 .text.HAL_GPIO_Init
                0x000000000800213c      0x350 Drivers/STM32L4xx_HAL_Driver/Src/stm32l4xx_hal_gpio.o
                0x000000000800213c                HAL_GPIO_Init
 .text.HAL_GPIO_WritePin
                0x000000000800248c       0x30 Drivers/STM32L4xx_HAL_Driver/Src/stm32l4xx_hal_gpio.o
                0x000000000800248c                HAL_GPIO_WritePin
 .text.HAL_PWR_EnableBkUpAccess
                0x00000000080024bc       0x20 Drivers/STM32L4xx_HAL_Driver/Src/stm32l4xx_hal_pwr.o
                0x00000000080024bc                HAL_PWR_EnableBkUpAccess
 .text.HAL_PWREx_GetVoltageRange
                0x00000000080024dc       0x1c Drivers/STM32L4xx_HAL_Driver/Src/stm32l4xx_hal_pwr_ex.o
                0x00000000080024dc                HAL_PWREx_GetVoltageRange
 .text.HAL_PWREx_ControlVoltageScaling
                0x00000000080024f8       0xac Drivers/STM32L4xx_HAL_Driver/Src/stm32l4xx_hal_pwr_ex.o
                0x00000000080024f8                HAL_PWREx_ControlVoltageScaling
 .text.HAL_RCC_OscConfig
                0x00000000080025a4      0x7cc Drivers/STM32L4xx_HAL_Driver/Src/stm32l4xx_hal_rcc.o
                0x00000000080025a4                HAL_RCC_OscConfig
 .text.HAL_RCC_ClockConfig
                0x0000000008002d70      0x1c4 Drivers/STM32L4xx_HAL_Driver/Src/stm32l4xx_hal_rcc.o
                0x0000000008002d70                HAL_RCC_ClockConfig
 .text.HAL_RCC_GetSysClockFreq
                0x0000000008002f34      0x114 Drivers/STM32L4xx_HAL_Driver/Src/stm32l4xx_hal_rcc.o
                0x0000000008002f34                HAL_RCC_GetSysClockFreq
 .text.HAL_RCC_GetHCLKFreq
                0x0000000008003048       0x18 Drivers/STM32L4xx_HAL_Driver/Src/stm32l4xx_hal_rcc.o
                0x0000000008003048                HAL_RCC_GetHCLKFreq
 .text.HAL_RCC_GetPCLK1Freq
                0x0000000008003060       0x2c Drivers/STM32L4xx_HAL_Driver/Src/stm32l4xx_hal_rcc.o
                0x0000000008003060                HAL_RCC_GetPCLK1Freq
 .text.HAL_RCC_GetPCLK2Freq
                0x000000000800308c       0x2c Drivers/STM32L4xx_HAL_Driver/Src/stm32l4xx_hal_rcc.o
                0x000000000800308c                HAL_RCC_GetPCLK2Freq
 .text.HAL_RCC_GetClockConfig
                0x00000000080030b8       0x64 Drivers/STM32L4xx_HAL_Driver/Src/stm32l4xx_hal_rcc.o
                0x00000000080030b8                HAL_RCC_GetClockConfig
 .text.RCC_SetFlashLatencyFromMSIRange
                0x000000000800311c       0xc0 Drivers/STM32L4xx_HAL_Driver/Src/stm32l4xx_hal_rcc.o
 .text.HAL_RCCEx_PeriphCLKConfig
                0x00000000080031dc      0x5cc Drivers/STM32L4xx_HAL_Driver/Src/stm32l4xx_hal_rcc_ex.o
                0x00000000080031dc                HAL_RCCEx_PeriphCLKConfig
 .text.HAL_RCCEx_EnableMSIPLLMode
                0x00000000080037a8       0x20 Drivers/STM32L4xx_HAL_Driver/Src/stm32l4xx_hal_rcc_ex.o
                0x00000000080037a8                HAL_RCCEx_EnableMSIPLLMode
 .text.RCCEx_PLLSAI1_Config
                0x00000000080037c8      0x1e0 Drivers/STM32L4xx_HAL_Driver/Src/stm32l4xx_hal_rcc_ex.o
 .text.RCCEx_PLLSAI2_Config
                0x00000000080039a8      0x1b4 Drivers/STM32L4xx_HAL_Driver/Src/stm32l4xx_hal_rcc_ex.o
 .text.HAL_RNG_Init
                0x0000000008003b5c       0xa0 Drivers/STM32L4xx_HAL_Driver/Src/stm32l4xx_hal_rng.o
                0x0000000008003b5c                HAL_RNG_Init
 .text.HAL_RNG_GenerateRandomNumber
                0x0000000008003bfc       0x9e Drivers/STM32L4xx_HAL_Driver/Src/stm32l4xx_hal_rng.o
                0x0000000008003bfc                HAL_RNG_GenerateRandomNumber
 .text.HAL_TIM_Base_Init
                0x0000000008003c9a       0x56 Drivers/STM32L4xx_HAL_Driver/Src/stm32l4xx_hal_tim.o
                0x0000000008003c9a                HAL_TIM_Base_Init
 .text.HAL_TIM_Base_Start_IT
                0x0000000008003cf0       0x54 Drivers/STM32L4xx_HAL_Driver/Src/stm32l4xx_hal_tim.o
                0x0000000008003cf0                HAL_TIM_Base_Start_IT
 .text.HAL_TIM_IRQHandler
                0x0000000008003d44      0x23e Drivers/STM32L4xx_HAL_Driver/Src/stm32l4xx_hal_tim.o
                0x0000000008003d44                HAL_TIM_IRQHandler
 .text.HAL_TIM_ConfigClockSource
                0x0000000008003f82      0x172 Drivers/STM32L4xx_HAL_Driver/Src/stm32l4xx_hal_tim.o
                0x0000000008003f82                HAL_TIM_ConfigClockSource
 .text.HAL_TIM_OC_DelayElapsedCallback
                0x00000000080040f4       0x14 Drivers/STM32L4xx_HAL_Driver/Src/stm32l4xx_hal_tim.o
                0x00000000080040f4                HAL_TIM_OC_DelayElapsedCallback
 .text.HAL_TIM_IC_CaptureCallback
                0x0000000008004108       0x14 Drivers/STM32L4xx_HAL_Driver/Src/stm32l4xx_hal_tim.o
                0x0000000008004108                HAL_TIM_IC_CaptureCallback
 .text.HAL_TIM_PWM_PulseFinishedCallback
                0x000000000800411c       0x14 Drivers/STM32L4xx_HAL_Driver/Src/stm32l4xx_hal_tim.o
                0x000000000800411c                HAL_TIM_PWM_PulseFinishedCallback
 .text.HAL_TIM_TriggerCallback
                0x0000000008004130       0x14 Drivers/STM32L4xx_HAL_Driver/Src/stm32l4xx_hal_tim.o
                0x0000000008004130                HAL_TIM_TriggerCallback
 .text.TIM_Base_SetConfig
                0x0000000008004144      0x134 Drivers/STM32L4xx_HAL_Driver/Src/stm32l4xx_hal_tim.o
                0x0000000008004144                TIM_Base_SetConfig
 .text.TIM_TI1_ConfigInputStage
                0x0000000008004278       0x5e Drivers/STM32L4xx_HAL_Driver/Src/stm32l4xx_hal_tim.o
 .text.TIM_TI2_ConfigInputStage
                0x00000000080042d6       0x60 Drivers/STM32L4xx_HAL_Driver/Src/stm32l4xx_hal_tim.o
 .text.TIM_ITRx_SetConfig
                0x0000000008004336       0x36 Drivers/STM32L4xx_HAL_Driver/Src/stm32l4xx_hal_tim.o
 .text.TIM_ETR_SetConfig
                0x000000000800436c       0x40 Drivers/STM32L4xx_HAL_Driver/Src/stm32l4xx_hal_tim.o
                0x000000000800436c                TIM_ETR_SetConfig
 .text.HAL_TIMEx_MasterConfigSynchronization
                0x00000000080043ac      0x110 Drivers/STM32L4xx_HAL_Driver/Src/stm32l4xx_hal_tim_ex.o
                0x00000000080043ac                HAL_TIMEx_MasterConfigSynchronization
 .text.HAL_TIMEx_CommutCallback
                0x00000000080044bc       0x14 Drivers/STM32L4xx_HAL_Driver/Src/stm32l4xx_hal_tim_ex.o
                0x00000000080044bc                HAL_TIMEx_CommutCallback
 .text.HAL_TIMEx_BreakCallback
                0x00000000080044d0       0x14 Drivers/STM32L4xx_HAL_Driver/Src/stm32l4xx_hal_tim_ex.o
                0x00000000080044d0                HAL_TIMEx_BreakCallback
 .text.HAL_TIMEx_Break2Callback
                0x00000000080044e4       0x14 Drivers/STM32L4xx_HAL_Driver/Src/stm32l4xx_hal_tim_ex.o
                0x00000000080044e4                HAL_TIMEx_Break2Callback
 .text.HAL_UART_Init
                0x00000000080044f8       0x9c Drivers/STM32L4xx_HAL_Driver/Src/stm32l4xx_hal_uart.o
                0x00000000080044f8                HAL_UART_Init
 .text.HAL_UART_Transmit
                0x0000000008004594      0x126 Drivers/STM32L4xx_HAL_Driver/Src/stm32l4xx_hal_uart.o
                0x0000000008004594                HAL_UART_Transmit
 *fill*         0x00000000080046ba        0x2 
 .text.UART_SetConfig
                0x00000000080046bc      0x6e4 Drivers/STM32L4xx_HAL_Driver/Src/stm32l4xx_hal_uart.o
                0x00000000080046bc                UART_SetConfig
 .text.UART_AdvFeatureConfig
                0x0000000008004da0      0x144 Drivers/STM32L4xx_HAL_Driver/Src/stm32l4xx_hal_uart.o
                0x0000000008004da0                UART_AdvFeatureConfig
 .text.UART_CheckIdleState
                0x0000000008004ee4       0x8a Drivers/STM32L4xx_HAL_Driver/Src/stm32l4xx_hal_uart.o
                0x0000000008004ee4                UART_CheckIdleState
 .text.UART_WaitOnFlagUntilTimeout
                0x0000000008004f6e       0xf6 Drivers/STM32L4xx_HAL_Driver/Src/stm32l4xx_hal_uart.o
                0x0000000008004f6e                UART_WaitOnFlagUntilTimeout
 .text.SVC_Setup
                0x0000000008005064        0xe Middlewares/Third_Party/FreeRTOS/Source/CMSIS_RTOS_V2/cmsis_os2.o
 *fill*         0x0000000008005072        0x2 
 .text.osKernelInitialize
                0x0000000008005074       0x68 Middlewares/Third_Party/FreeRTOS/Source/CMSIS_RTOS_V2/cmsis_os2.o
                0x0000000008005074                osKernelInitialize
 .text.osKernelStart
                0x00000000080050dc       0x6c Middlewares/Third_Party/FreeRTOS/Source/CMSIS_RTOS_V2/cmsis_os2.o
                0x00000000080050dc                osKernelStart
 .text.osThreadNew
                0x0000000008005148      0x14c Middlewares/Third_Party/FreeRTOS/Source/CMSIS_RTOS_V2/cmsis_os2.o
                0x0000000008005148                osThreadNew
 .text.osDelay  0x0000000008005294       0x5c Middlewares/Third_Party/FreeRTOS/Source/CMSIS_RTOS_V2/cmsis_os2.o
                0x0000000008005294                osDelay
 .text.osSemaphoreNew
                0x00000000080052f0      0x13c Middlewares/Third_Party/FreeRTOS/Source/CMSIS_RTOS_V2/cmsis_os2.o
                0x00000000080052f0                osSemaphoreNew
 .text.osSemaphoreAcquire
                0x000000000800542c       0xcc Middlewares/Third_Party/FreeRTOS/Source/CMSIS_RTOS_V2/cmsis_os2.o
                0x000000000800542c                osSemaphoreAcquire
 .text.osSemaphoreRelease
                0x00000000080054f8       0xb0 Middlewares/Third_Party/FreeRTOS/Source/CMSIS_RTOS_V2/cmsis_os2.o
                0x00000000080054f8                osSemaphoreRelease
 .text.vApplicationGetIdleTaskMemory
                0x00000000080055a8       0x34 Middlewares/Third_Party/FreeRTOS/Source/CMSIS_RTOS_V2/cmsis_os2.o
                0x00000000080055a8                vApplicationGetIdleTaskMemory
 .text.vApplicationGetTimerTaskMemory
                0x00000000080055dc       0x34 Middlewares/Third_Party/FreeRTOS/Source/CMSIS_RTOS_V2/cmsis_os2.o
                0x00000000080055dc                vApplicationGetTimerTaskMemory
 .text.vListInitialise
                0x0000000008005610       0x40 Middlewares/Third_Party/FreeRTOS/Source/list.o
                0x0000000008005610                vListInitialise
 .text.vListInitialiseItem
                0x0000000008005650       0x1a Middlewares/Third_Party/FreeRTOS/Source/list.o
                0x0000000008005650                vListInitialiseItem
 .text.vListInsertEnd
                0x000000000800566a       0x48 Middlewares/Third_Party/FreeRTOS/Source/list.o
                0x000000000800566a                vListInsertEnd
 .text.vListInsert
                0x00000000080056b2       0x72 Middlewares/Third_Party/FreeRTOS/Source/list.o
                0x00000000080056b2                vListInsert
 .text.uxListRemove
                0x0000000008005724       0x54 Middlewares/Third_Party/FreeRTOS/Source/list.o
                0x0000000008005724                uxListRemove
 .text.xQueueGenericReset
                0x0000000008005778       0xd0 Middlewares/Third_Party/FreeRTOS/Source/queue.o
                0x0000000008005778                xQueueGenericReset
 .text.xQueueGenericCreateStatic
                0x0000000008005848       0xe6 Middlewares/Third_Party/FreeRTOS/Source/queue.o
                0x0000000008005848                xQueueGenericCreateStatic
 .text.xQueueGenericCreate
                0x000000000800592e       0x7e Middlewares/Third_Party/FreeRTOS/Source/queue.o
                0x000000000800592e                xQueueGenericCreate
 .text.prvInitialiseNewQueue
                0x00000000080059ac       0x46 Middlewares/Third_Party/FreeRTOS/Source/queue.o
 .text.xQueueCreateCountingSemaphoreStatic
                0x00000000080059f2       0x6a Middlewares/Third_Party/FreeRTOS/Source/queue.o
                0x00000000080059f2                xQueueCreateCountingSemaphoreStatic
 .text.xQueueCreateCountingSemaphore
                0x0000000008005a5c       0x62 Middlewares/Third_Party/FreeRTOS/Source/queue.o
                0x0000000008005a5c                xQueueCreateCountingSemaphore
 *fill*         0x0000000008005abe        0x2 
 .text.xQueueGenericSend
                0x0000000008005ac0      0x1f4 Middlewares/Third_Party/FreeRTOS/Source/queue.o
                0x0000000008005ac0                xQueueGenericSend
 .text.xQueueGenericSendFromISR
                0x0000000008005cb4      0x128 Middlewares/Third_Party/FreeRTOS/Source/queue.o
                0x0000000008005cb4                xQueueGenericSendFromISR
 .text.xQueueGiveFromISR
                0x0000000008005ddc      0x112 Middlewares/Third_Party/FreeRTOS/Source/queue.o
                0x0000000008005ddc                xQueueGiveFromISR
 *fill*         0x0000000008005eee        0x2 
 .text.xQueueReceive
                0x0000000008005ef0      0x1b8 Middlewares/Third_Party/FreeRTOS/Source/queue.o
                0x0000000008005ef0                xQueueReceive
 .text.xQueueSemaphoreTake
                0x00000000080060a8      0x210 Middlewares/Third_Party/FreeRTOS/Source/queue.o
                0x00000000080060a8                xQueueSemaphoreTake
 .text.xQueueReceiveFromISR
                0x00000000080062b8       0xfa Middlewares/Third_Party/FreeRTOS/Source/queue.o
                0x00000000080062b8                xQueueReceiveFromISR
 .text.vQueueDelete
                0x00000000080063b2       0x44 Middlewares/Third_Party/FreeRTOS/Source/queue.o
                0x00000000080063b2                vQueueDelete
 .text.prvGetDisinheritPriorityAfterTimeout
                0x00000000080063f6       0x30 Middlewares/Third_Party/FreeRTOS/Source/queue.o
 .text.prvCopyDataToQueue
                0x0000000008006426       0xd4 Middlewares/Third_Party/FreeRTOS/Source/queue.o
 .text.prvCopyDataFromQueue
                0x00000000080064fa       0x4c Middlewares/Third_Party/FreeRTOS/Source/queue.o
 .text.prvUnlockQueue
                0x0000000008006546       0xa4 Middlewares/Third_Party/FreeRTOS/Source/queue.o
 .text.prvIsQueueEmpty
                0x00000000080065ea       0x2c Middlewares/Third_Party/FreeRTOS/Source/queue.o
 .text.prvIsQueueFull
                0x0000000008006616       0x30 Middlewares/Third_Party/FreeRTOS/Source/queue.o
 *fill*         0x0000000008006646        0x2 
 .text.vQueueAddToRegistry
                0x0000000008006648       0x50 Middlewares/Third_Party/FreeRTOS/Source/queue.o
                0x0000000008006648                vQueueAddToRegistry
 .text.vQueueUnregisterQueue
                0x0000000008006698       0x54 Middlewares/Third_Party/FreeRTOS/Source/queue.o
                0x0000000008006698                vQueueUnregisterQueue
 .text.vQueueWaitForMessageRestricted
                0x00000000080066ec       0x68 Middlewares/Third_Party/FreeRTOS/Source/queue.o
                0x00000000080066ec                vQueueWaitForMessageRestricted
 .text.xTaskCreateStatic
                0x0000000008006754       0xb4 Middlewares/Third_Party/FreeRTOS/Source/tasks.o
                0x0000000008006754                xTaskCreateStatic
 .text.xTaskCreate
                0x0000000008006808       0x8a Middlewares/Third_Party/FreeRTOS/Source/tasks.o
                0x0000000008006808                xTaskCreate
 .text.prvInitialiseNewTask
                0x0000000008006892      0x124 Middlewares/Third_Party/FreeRTOS/Source/tasks.o
 *fill*         0x00000000080069b6        0x2 
 .text.prvAddNewTaskToReadyList
                0x00000000080069b8       0xe0 Middlewares/Third_Party/FreeRTOS/Source/tasks.o
 .text.vTaskDelay
                0x0000000008006a98       0x68 Middlewares/Third_Party/FreeRTOS/Source/tasks.o
                0x0000000008006a98                vTaskDelay
 .text.vTaskStartScheduler
                0x0000000008006b00       0xc8 Middlewares/Third_Party/FreeRTOS/Source/tasks.o
                0x0000000008006b00                vTaskStartScheduler
 .text.vTaskSuspendAll
                0x0000000008006bc8       0x1c Middlewares/Third_Party/FreeRTOS/Source/tasks.o
                0x0000000008006bc8                vTaskSuspendAll
 .text.xTaskResumeAll
                0x0000000008006be4      0x138 Middlewares/Third_Party/FreeRTOS/Source/tasks.o
                0x0000000008006be4                xTaskResumeAll
 .text.xTaskGetTickCount
                0x0000000008006d1c       0x20 Middlewares/Third_Party/FreeRTOS/Source/tasks.o
                0x0000000008006d1c                xTaskGetTickCount
 .text.xTaskIncrementTick
                0x0000000008006d3c      0x170 Middlewares/Third_Party/FreeRTOS/Source/tasks.o
                0x0000000008006d3c                xTaskIncrementTick
 .text.vTaskSwitchContext
                0x0000000008006eac       0xb8 Middlewares/Third_Party/FreeRTOS/Source/tasks.o
                0x0000000008006eac                vTaskSwitchContext
 .text.vTaskPlaceOnEventList
                0x0000000008006f64       0x48 Middlewares/Third_Party/FreeRTOS/Source/tasks.o
                0x0000000008006f64                vTaskPlaceOnEventList
 .text.vTaskPlaceOnEventListRestricted
                0x0000000008006fac       0x54 Middlewares/Third_Party/FreeRTOS/Source/tasks.o
                0x0000000008006fac                vTaskPlaceOnEventListRestricted
 .text.xTaskRemoveFromEventList
                0x0000000008007000       0xc4 Middlewares/Third_Party/FreeRTOS/Source/tasks.o
                0x0000000008007000                xTaskRemoveFromEventList
 .text.vTaskInternalSetTimeOutState
                0x00000000080070c4       0x2c Middlewares/Third_Party/FreeRTOS/Source/tasks.o
                0x00000000080070c4                vTaskInternalSetTimeOutState
 .text.xTaskCheckForTimeOut
                0x00000000080070f0       0xe0 Middlewares/Third_Party/FreeRTOS/Source/tasks.o
                0x00000000080070f0                xTaskCheckForTimeOut
 .text.vTaskMissedYield
                0x00000000080071d0       0x18 Middlewares/Third_Party/FreeRTOS/Source/tasks.o
                0x00000000080071d0                vTaskMissedYield
 .text.prvIdleTask
                0x00000000080071e8       0x30 Middlewares/Third_Party/FreeRTOS/Source/tasks.o
 .text.prvInitialiseTaskLists
                0x0000000008007218       0x80 Middlewares/Third_Party/FreeRTOS/Source/tasks.o
 .text.prvCheckTasksWaitingTermination
                0x0000000008007298       0x58 Middlewares/Third_Party/FreeRTOS/Source/tasks.o
 .text.prvDeleteTCB
                0x00000000080072f0       0x5c Middlewares/Third_Party/FreeRTOS/Source/tasks.o
 .text.prvResetNextTaskUnblockTime
                0x000000000800734c       0x40 Middlewares/Third_Party/FreeRTOS/Source/tasks.o
 .text.xTaskGetSchedulerState
                0x000000000800738c       0x3c Middlewares/Third_Party/FreeRTOS/Source/tasks.o
                0x000000000800738c                xTaskGetSchedulerState
 .text.xTaskPriorityInherit
                0x00000000080073c8       0xd0 Middlewares/Third_Party/FreeRTOS/Source/tasks.o
                0x00000000080073c8                xTaskPriorityInherit
 .text.xTaskPriorityDisinherit
                0x0000000008007498       0xd8 Middlewares/Third_Party/FreeRTOS/Source/tasks.o
                0x0000000008007498                xTaskPriorityDisinherit
 .text.vTaskPriorityDisinheritAfterTimeout
                0x0000000008007570      0x100 Middlewares/Third_Party/FreeRTOS/Source/tasks.o
                0x0000000008007570                vTaskPriorityDisinheritAfterTimeout
 .text.pvTaskIncrementMutexHeldCount
                0x0000000008007670       0x28 Middlewares/Third_Party/FreeRTOS/Source/tasks.o
                0x0000000008007670                pvTaskIncrementMutexHeldCount
 .text.prvAddCurrentTaskToDelayedList
                0x0000000008007698       0xb4 Middlewares/Third_Party/FreeRTOS/Source/tasks.o
 .text.xTimerCreateTimerTask
                0x000000000800774c       0x90 Middlewares/Third_Party/FreeRTOS/Source/timers.o
                0x000000000800774c                xTimerCreateTimerTask
 .text.xTimerGenericCommand
                0x00000000080077dc       0x98 Middlewares/Third_Party/FreeRTOS/Source/timers.o
                0x00000000080077dc                xTimerGenericCommand
 .text.prvProcessExpiredTimer
                0x0000000008007874       0x98 Middlewares/Third_Party/FreeRTOS/Source/timers.o
 .text.prvTimerTask
                0x000000000800790c       0x24 Middlewares/Third_Party/FreeRTOS/Source/timers.o
 .text.prvProcessTimerOrBlockTask
                0x0000000008007930       0x9c Middlewares/Third_Party/FreeRTOS/Source/timers.o
 .text.prvGetNextExpireTime
                0x00000000080079cc       0x48 Middlewares/Third_Party/FreeRTOS/Source/timers.o
 .text.prvSampleTimeNow
                0x0000000008007a14       0x40 Middlewares/Third_Party/FreeRTOS/Source/timers.o
 .text.prvInsertTimerInActiveList
                0x0000000008007a54       0x84 Middlewares/Third_Party/FreeRTOS/Source/timers.o
 .text.prvProcessReceivedCommands
                0x0000000008007ad8      0x1b8 Middlewares/Third_Party/FreeRTOS/Source/timers.o
 .text.prvSwitchTimerLists
                0x0000000008007c90       0xc8 Middlewares/Third_Party/FreeRTOS/Source/timers.o
 .text.prvCheckForValidListAndQueue
                0x0000000008007d58       0x80 Middlewares/Third_Party/FreeRTOS/Source/timers.o
 .text.pxPortInitialiseStack
                0x0000000008007dd8       0x68 Middlewares/Third_Party/FreeRTOS/Source/portable/GCC/ARM_CM4F/port.o
                0x0000000008007dd8                pxPortInitialiseStack
 .text.prvTaskExitError
                0x0000000008007e40       0x54 Middlewares/Third_Party/FreeRTOS/Source/portable/GCC/ARM_CM4F/port.o
 *fill*         0x0000000008007e94        0xc 
 .text.SVC_Handler
                0x0000000008007ea0       0x28 Middlewares/Third_Party/FreeRTOS/Source/portable/GCC/ARM_CM4F/port.o
                0x0000000008007ea0                SVC_Handler
 .text.prvPortStartFirstTask
                0x0000000008007ec8       0x28 Middlewares/Third_Party/FreeRTOS/Source/portable/GCC/ARM_CM4F/port.o
 .text.xPortStartScheduler
                0x0000000008007ef0      0x13c Middlewares/Third_Party/FreeRTOS/Source/portable/GCC/ARM_CM4F/port.o
                0x0000000008007ef0                xPortStartScheduler
 .text.vPortEnterCritical
                0x000000000800802c       0x5c Middlewares/Third_Party/FreeRTOS/Source/portable/GCC/ARM_CM4F/port.o
                0x000000000800802c                vPortEnterCritical
 .text.vPortExitCritical
                0x0000000008008088       0x50 Middlewares/Third_Party/FreeRTOS/Source/portable/GCC/ARM_CM4F/port.o
                0x0000000008008088                vPortExitCritical
 *fill*         0x00000000080080d8        0x8 
 .text.PendSV_Handler
                0x00000000080080e0       0x68 Middlewares/Third_Party/FreeRTOS/Source/portable/GCC/ARM_CM4F/port.o
                0x00000000080080e0                PendSV_Handler
 .text.SysTick_Handler
                0x0000000008008148       0x40 Middlewares/Third_Party/FreeRTOS/Source/portable/GCC/ARM_CM4F/port.o
                0x0000000008008148                SysTick_Handler
 .text.vPortSetupTimerInterrupt
                0x0000000008008188       0x48 Middlewares/Third_Party/FreeRTOS/Source/portable/GCC/ARM_CM4F/port.o
                0x0000000008008188                vPortSetupTimerInterrupt
 .text.vPortEnableVFP
                0x00000000080081d0       0x14 Middlewares/Third_Party/FreeRTOS/Source/portable/GCC/ARM_CM4F/port.o
 .text.vPortValidateInterruptPriority
                0x00000000080081e4       0x7c Middlewares/Third_Party/FreeRTOS/Source/portable/GCC/ARM_CM4F/port.o
                0x00000000080081e4                vPortValidateInterruptPriority
 .text.pvPortMalloc
                0x0000000008008260      0x184 Middlewares/Third_Party/FreeRTOS/Source/portable/MemMang/heap_4.o
                0x0000000008008260                pvPortMalloc
 .text.vPortFree
                0x00000000080083e4       0xb0 Middlewares/Third_Party/FreeRTOS/Source/portable/MemMang/heap_4.o
                0x00000000080083e4                vPortFree
 .text.prvHeapInit
                0x0000000008008494       0xc4 Middlewares/Third_Party/FreeRTOS/Source/portable/MemMang/heap_4.o
 .text.prvInsertBlockIntoFreeList
                0x0000000008008558       0xb4 Middlewares/Third_Party/FreeRTOS/Source/portable/MemMang/heap_4.o
 .text.__errno  0x000000000800860c        0xc c:/st/stm32cubeide_1.1.0/stm32cubeide/plugins/com.st.stm32cube.ide.mcu.externaltools.gnu-tools-for-stm32.7-2018-q2-update.win32_1.0.0.201904181610/tools/bin/../lib/gcc/arm-none-eabi/7.3.1/../../../../arm-none-eabi/lib/thumb/v7e-m/fpv4-sp/hard\libc_nano.a(lib_a-errno.o)
                0x000000000800860c                __errno
 .text.__libc_init_array
                0x0000000008008618       0x48 c:/st/stm32cubeide_1.1.0/stm32cubeide/plugins/com.st.stm32cube.ide.mcu.externaltools.gnu-tools-for-stm32.7-2018-q2-update.win32_1.0.0.201904181610/tools/bin/../lib/gcc/arm-none-eabi/7.3.1/../../../../arm-none-eabi/lib/thumb/v7e-m/fpv4-sp/hard\libc_nano.a(lib_a-init.o)
                0x0000000008008618                __libc_init_array
 .text.memcpy   0x0000000008008660       0x16 c:/st/stm32cubeide_1.1.0/stm32cubeide/plugins/com.st.stm32cube.ide.mcu.externaltools.gnu-tools-for-stm32.7-2018-q2-update.win32_1.0.0.201904181610/tools/bin/../lib/gcc/arm-none-eabi/7.3.1/../../../../arm-none-eabi/lib/thumb/v7e-m/fpv4-sp/hard\libc_nano.a(lib_a-memcpy-stub.o)
                0x0000000008008660                memcpy
 .text.memset   0x0000000008008676       0x10 c:/st/stm32cubeide_1.1.0/stm32cubeide/plugins/com.st.stm32cube.ide.mcu.externaltools.gnu-tools-for-stm32.7-2018-q2-update.win32_1.0.0.201904181610/tools/bin/../lib/gcc/arm-none-eabi/7.3.1/../../../../arm-none-eabi/lib/thumb/v7e-m/fpv4-sp/hard\libc_nano.a(lib_a-memset.o)
                0x0000000008008676                memset
 *fill*         0x0000000008008686        0x2 
 .text.sprintf  0x0000000008008688       0x40 c:/st/stm32cubeide_1.1.0/stm32cubeide/plugins/com.st.stm32cube.ide.mcu.externaltools.gnu-tools-for-stm32.7-2018-q2-update.win32_1.0.0.201904181610/tools/bin/../lib/gcc/arm-none-eabi/7.3.1/../../../../arm-none-eabi/lib/thumb/v7e-m/fpv4-sp/hard\libc_nano.a(lib_a-sprintf.o)
                0x0000000008008688                siprintf
                0x0000000008008688                sprintf
 .text.__ssputs_r
                0x00000000080086c8       0xb4 c:/st/stm32cubeide_1.1.0/stm32cubeide/plugins/com.st.stm32cube.ide.mcu.externaltools.gnu-tools-for-stm32.7-2018-q2-update.win32_1.0.0.201904181610/tools/bin/../lib/gcc/arm-none-eabi/7.3.1/../../../../arm-none-eabi/lib/thumb/v7e-m/fpv4-sp/hard\libc_nano.a(lib_a-nano-svfprintf.o)
                0x00000000080086c8                __ssputs_r
 .text._svfprintf_r
                0x000000000800877c      0x1f0 c:/st/stm32cubeide_1.1.0/stm32cubeide/plugins/com.st.stm32cube.ide.mcu.externaltools.gnu-tools-for-stm32.7-2018-q2-update.win32_1.0.0.201904181610/tools/bin/../lib/gcc/arm-none-eabi/7.3.1/../../../../arm-none-eabi/lib/thumb/v7e-m/fpv4-sp/hard\libc_nano.a(lib_a-nano-svfprintf.o)
                0x000000000800877c                _svfiprintf_r
                0x000000000800877c                _svfprintf_r
 .text._printf_common
                0x000000000800896c       0xea c:/st/stm32cubeide_1.1.0/stm32cubeide/plugins/com.st.stm32cube.ide.mcu.externaltools.gnu-tools-for-stm32.7-2018-q2-update.win32_1.0.0.201904181610/tools/bin/../lib/gcc/arm-none-eabi/7.3.1/../../../../arm-none-eabi/lib/thumb/v7e-m/fpv4-sp/hard\libc_nano.a(lib_a-nano-vfprintf_i.o)
                0x000000000800896c                _printf_common
 *fill*         0x0000000008008a56        0x2 
 .text._printf_i
                0x0000000008008a58      0x224 c:/st/stm32cubeide_1.1.0/stm32cubeide/plugins/com.st.stm32cube.ide.mcu.externaltools.gnu-tools-for-stm32.7-2018-q2-update.win32_1.0.0.201904181610/tools/bin/../lib/gcc/arm-none-eabi/7.3.1/../../../../arm-none-eabi/lib/thumb/v7e-m/fpv4-sp/hard\libc_nano.a(lib_a-nano-vfprintf_i.o)
                0x0000000008008a58                _printf_i
 .text.memmove  0x0000000008008c7c       0x32 c:/st/stm32cubeide_1.1.0/stm32cubeide/plugins/com.st.stm32cube.ide.mcu.externaltools.gnu-tools-for-stm32.7-2018-q2-update.win32_1.0.0.201904181610/tools/bin/../lib/gcc/arm-none-eabi/7.3.1/../../../../arm-none-eabi/lib/thumb/v7e-m/fpv4-sp/hard\libc_nano.a(lib_a-memmove.o)
                0x0000000008008c7c                memmove
 *fill*         0x0000000008008cae        0x2 
 .text._free_r  0x0000000008008cb0       0x9c c:/st/stm32cubeide_1.1.0/stm32cubeide/plugins/com.st.stm32cube.ide.mcu.externaltools.gnu-tools-for-stm32.7-2018-q2-update.win32_1.0.0.201904181610/tools/bin/../lib/gcc/arm-none-eabi/7.3.1/../../../../arm-none-eabi/lib/thumb/v7e-m/fpv4-sp/hard\libc_nano.a(lib_a-nano-freer.o)
                0x0000000008008cb0                _free_r
 .text._malloc_r
                0x0000000008008d4c       0xb4 c:/st/stm32cubeide_1.1.0/stm32cubeide/plugins/com.st.stm32cube.ide.mcu.externaltools.gnu-tools-for-stm32.7-2018-q2-update.win32_1.0.0.201904181610/tools/bin/../lib/gcc/arm-none-eabi/7.3.1/../../../../arm-none-eabi/lib/thumb/v7e-m/fpv4-sp/hard\libc_nano.a(lib_a-nano-mallocr.o)
                0x0000000008008d4c                _malloc_r
 .text._realloc_r
                0x0000000008008e00       0x4c c:/st/stm32cubeide_1.1.0/stm32cubeide/plugins/com.st.stm32cube.ide.mcu.externaltools.gnu-tools-for-stm32.7-2018-q2-update.win32_1.0.0.201904181610/tools/bin/../lib/gcc/arm-none-eabi/7.3.1/../../../../arm-none-eabi/lib/thumb/v7e-m/fpv4-sp/hard\libc_nano.a(lib_a-nano-reallocr.o)
                0x0000000008008e00                _realloc_r
 .text._sbrk_r  0x0000000008008e4c       0x20 c:/st/stm32cubeide_1.1.0/stm32cubeide/plugins/com.st.stm32cube.ide.mcu.externaltools.gnu-tools-for-stm32.7-2018-q2-update.win32_1.0.0.201904181610/tools/bin/../lib/gcc/arm-none-eabi/7.3.1/../../../../arm-none-eabi/lib/thumb/v7e-m/fpv4-sp/hard\libc_nano.a(lib_a-sbrkr.o)
                0x0000000008008e4c                _sbrk_r
 .text.__malloc_lock
                0x0000000008008e6c        0x2 c:/st/stm32cubeide_1.1.0/stm32cubeide/plugins/com.st.stm32cube.ide.mcu.externaltools.gnu-tools-for-stm32.7-2018-q2-update.win32_1.0.0.201904181610/tools/bin/../lib/gcc/arm-none-eabi/7.3.1/../../../../arm-none-eabi/lib/thumb/v7e-m/fpv4-sp/hard\libc_nano.a(lib_a-mlock.o)
                0x0000000008008e6c                __malloc_lock
 .text.__malloc_unlock
                0x0000000008008e6e        0x2 c:/st/stm32cubeide_1.1.0/stm32cubeide/plugins/com.st.stm32cube.ide.mcu.externaltools.gnu-tools-for-stm32.7-2018-q2-update.win32_1.0.0.201904181610/tools/bin/../lib/gcc/arm-none-eabi/7.3.1/../../../../arm-none-eabi/lib/thumb/v7e-m/fpv4-sp/hard\libc_nano.a(lib_a-mlock.o)
                0x0000000008008e6e                __malloc_unlock
 .text._malloc_usable_size_r
                0x0000000008008e70       0x10 c:/st/stm32cubeide_1.1.0/stm32cubeide/plugins/com.st.stm32cube.ide.mcu.externaltools.gnu-tools-for-stm32.7-2018-q2-update.win32_1.0.0.201904181610/tools/bin/../lib/gcc/arm-none-eabi/7.3.1/../../../../arm-none-eabi/lib/thumb/v7e-m/fpv4-sp/hard\libc_nano.a(lib_a-nano-msizer.o)
                0x0000000008008e70                _malloc_usable_size_r
 *(.glue_7)
 .glue_7        0x0000000008008e80        0x0 linker stubs
 *(.glue_7t)
 .glue_7t       0x0000000008008e80        0x0 linker stubs
 *(.eh_frame)
 .eh_frame      0x0000000008008e80        0x0 c:/st/stm32cubeide_1.1.0/stm32cubeide/plugins/com.st.stm32cube.ide.mcu.externaltools.gnu-tools-for-stm32.7-2018-q2-update.win32_1.0.0.201904181610/tools/bin/../lib/gcc/arm-none-eabi/7.3.1/thumb/v7e-m/fpv4-sp/hard/crtbegin.o
 *(.init)
 .init          0x0000000008008e80        0x4 c:/st/stm32cubeide_1.1.0/stm32cubeide/plugins/com.st.stm32cube.ide.mcu.externaltools.gnu-tools-for-stm32.7-2018-q2-update.win32_1.0.0.201904181610/tools/bin/../lib/gcc/arm-none-eabi/7.3.1/thumb/v7e-m/fpv4-sp/hard/crti.o
                0x0000000008008e80                _init
 .init          0x0000000008008e84        0x8 c:/st/stm32cubeide_1.1.0/stm32cubeide/plugins/com.st.stm32cube.ide.mcu.externaltools.gnu-tools-for-stm32.7-2018-q2-update.win32_1.0.0.201904181610/tools/bin/../lib/gcc/arm-none-eabi/7.3.1/thumb/v7e-m/fpv4-sp/hard/crtn.o
 *(.fini)
 .fini          0x0000000008008e8c        0x4 c:/st/stm32cubeide_1.1.0/stm32cubeide/plugins/com.st.stm32cube.ide.mcu.externaltools.gnu-tools-for-stm32.7-2018-q2-update.win32_1.0.0.201904181610/tools/bin/../lib/gcc/arm-none-eabi/7.3.1/thumb/v7e-m/fpv4-sp/hard/crti.o
                0x0000000008008e8c                _fini
 .fini          0x0000000008008e90        0x8 c:/st/stm32cubeide_1.1.0/stm32cubeide/plugins/com.st.stm32cube.ide.mcu.externaltools.gnu-tools-for-stm32.7-2018-q2-update.win32_1.0.0.201904181610/tools/bin/../lib/gcc/arm-none-eabi/7.3.1/thumb/v7e-m/fpv4-sp/hard/crtn.o
                0x0000000008008e98                . = ALIGN (0x4)
                0x0000000008008e98                _etext = .

.vfp11_veneer   0x0000000008008e98        0x0
 .vfp11_veneer  0x0000000008008e98        0x0 linker stubs

.v4_bx          0x0000000008008e98        0x0
 .v4_bx         0x0000000008008e98        0x0 linker stubs

.iplt           0x0000000008008e98        0x0
 .iplt          0x0000000008008e98        0x0 c:/st/stm32cubeide_1.1.0/stm32cubeide/plugins/com.st.stm32cube.ide.mcu.externaltools.gnu-tools-for-stm32.7-2018-q2-update.win32_1.0.0.201904181610/tools/bin/../lib/gcc/arm-none-eabi/7.3.1/thumb/v7e-m/fpv4-sp/hard/crtbegin.o

.rodata         0x0000000008008e98      0x53c
                0x0000000008008e98                . = ALIGN (0x4)
 *(.rodata)
 .rodata        0x0000000008008e98      0x3c2 Core/Src/main.o
 *fill*         0x000000000800925a        0x2 
 .rodata        0x000000000800925c        0x5 Middlewares/Third_Party/FreeRTOS/Source/tasks.o
 *fill*         0x0000000008009261        0x3 
 .rodata        0x0000000008009264        0xd Middlewares/Third_Party/FreeRTOS/Source/timers.o
 *(.rodata*)
 *fill*         0x0000000008009271        0x3 
 .rodata.Teller_Statuses
                0x0000000008009274       0x21 Core/Src/main.o
 *fill*         0x0000000008009295        0x3 
 .rodata.defaultTask_attributes
                0x0000000008009298       0x24 Core/Src/main.o
                0x0000000008009298                defaultTask_attributes
 .rodata.TellerThread1_attributes
                0x00000000080092bc       0x24 Core/Src/main.o
                0x00000000080092bc                TellerThread1_attributes
 .rodata.TellerThread2_attributes
                0x00000000080092e0       0x24 Core/Src/main.o
                0x00000000080092e0                TellerThread2_attributes
 .rodata.TellerThread3_attributes
                0x0000000008009304       0x24 Core/Src/main.o
                0x0000000008009304                TellerThread3_attributes
 .rodata.myBinarySem01_attributes
                0x0000000008009328       0x10 Core/Src/main.o
                0x0000000008009328                myBinarySem01_attributes
 .rodata.printBinarySem_attributes
                0x0000000008009338       0x10 Core/Src/main.o
                0x0000000008009338                printBinarySem_attributes
 .rodata.rngBinarySem_attributes
                0x0000000008009348       0x10 Core/Src/main.o
                0x0000000008009348                rngBinarySem_attributes
 .rodata.AHBPrescTable
                0x0000000008009358       0x10 Core/Src/system_stm32l4xx.o
                0x0000000008009358                AHBPrescTable
 .rodata.APBPrescTable
                0x0000000008009368        0x8 Core/Src/system_stm32l4xx.o
                0x0000000008009368                APBPrescTable
 .rodata.MSIRangeTable
                0x0000000008009370       0x30 Core/Src/system_stm32l4xx.o
                0x0000000008009370                MSIRangeTable
 .rodata._svfprintf_r.str1.1
                0x00000000080093a0       0x11 c:/st/stm32cubeide_1.1.0/stm32cubeide/plugins/com.st.stm32cube.ide.mcu.externaltools.gnu-tools-for-stm32.7-2018-q2-update.win32_1.0.0.201904181610/tools/bin/../lib/gcc/arm-none-eabi/7.3.1/../../../../arm-none-eabi/lib/thumb/v7e-m/fpv4-sp/hard\libc_nano.a(lib_a-nano-svfprintf.o)
 .rodata._printf_i.str1.1
                0x00000000080093b1       0x22 c:/st/stm32cubeide_1.1.0/stm32cubeide/plugins/com.st.stm32cube.ide.mcu.externaltools.gnu-tools-for-stm32.7-2018-q2-update.win32_1.0.0.201904181610/tools/bin/../lib/gcc/arm-none-eabi/7.3.1/../../../../arm-none-eabi/lib/thumb/v7e-m/fpv4-sp/hard\libc_nano.a(lib_a-nano-vfprintf_i.o)
                0x00000000080093d4                . = ALIGN (0x4)
 *fill*         0x00000000080093d3        0x1 

.ARM.extab      0x00000000080093d4        0x0
                0x00000000080093d4                . = ALIGN (0x4)
 *(.ARM.extab* .gnu.linkonce.armextab.*)
                0x00000000080093d4                . = ALIGN (0x4)

.ARM            0x00000000080093d4        0x8
                0x00000000080093d4                . = ALIGN (0x4)
                0x00000000080093d4                __exidx_start = .
 *(.ARM.exidx*)
 .ARM.exidx     0x00000000080093d4        0x8 c:/st/stm32cubeide_1.1.0/stm32cubeide/plugins/com.st.stm32cube.ide.mcu.externaltools.gnu-tools-for-stm32.7-2018-q2-update.win32_1.0.0.201904181610/tools/bin/../lib/gcc/arm-none-eabi/7.3.1/thumb/v7e-m/fpv4-sp/hard\libgcc.a(_udivmoddi4.o)
                0x00000000080093dc                __exidx_end = .
                0x00000000080093dc                . = ALIGN (0x4)

.rel.dyn        0x00000000080093dc        0x0
 .rel.iplt      0x00000000080093dc        0x0 c:/st/stm32cubeide_1.1.0/stm32cubeide/plugins/com.st.stm32cube.ide.mcu.externaltools.gnu-tools-for-stm32.7-2018-q2-update.win32_1.0.0.201904181610/tools/bin/../lib/gcc/arm-none-eabi/7.3.1/thumb/v7e-m/fpv4-sp/hard/crtbegin.o

.preinit_array  0x00000000080093dc        0x0
                0x00000000080093dc                . = ALIGN (0x4)
                0x00000000080093dc                PROVIDE (__preinit_array_start = .)
 *(.preinit_array*)
                0x00000000080093dc                PROVIDE (__preinit_array_end = .)
                0x00000000080093dc                . = ALIGN (0x4)

.init_array     0x00000000080093dc        0x4
                0x00000000080093dc                . = ALIGN (0x4)
                0x00000000080093dc                PROVIDE (__init_array_start = .)
 *(SORT_BY_NAME(.init_array.*))
 *(.init_array*)
 .init_array    0x00000000080093dc        0x4 c:/st/stm32cubeide_1.1.0/stm32cubeide/plugins/com.st.stm32cube.ide.mcu.externaltools.gnu-tools-for-stm32.7-2018-q2-update.win32_1.0.0.201904181610/tools/bin/../lib/gcc/arm-none-eabi/7.3.1/thumb/v7e-m/fpv4-sp/hard/crtbegin.o
                0x00000000080093e0                PROVIDE (__init_array_end = .)
                0x00000000080093e0                . = ALIGN (0x4)

.fini_array     0x00000000080093e0        0x4
                0x00000000080093e0                . = ALIGN (0x4)
                [!provide]                        PROVIDE (__fini_array_start = .)
 *(SORT_BY_NAME(.fini_array.*))
 *(.fini_array*)
 .fini_array    0x00000000080093e0        0x4 c:/st/stm32cubeide_1.1.0/stm32cubeide/plugins/com.st.stm32cube.ide.mcu.externaltools.gnu-tools-for-stm32.7-2018-q2-update.win32_1.0.0.201904181610/tools/bin/../lib/gcc/arm-none-eabi/7.3.1/thumb/v7e-m/fpv4-sp/hard/crtbegin.o
                [!provide]                        PROVIDE (__fini_array_end = .)
                0x00000000080093e4                . = ALIGN (0x4)
                0x00000000080093e4                _sidata = LOADADDR (.data)

.data           0x0000000020000000       0x78 load address 0x00000000080093e4
                0x0000000020000000                . = ALIGN (0x4)
                0x0000000020000000                _sdata = .
 *(.data)
 *(.data*)
 .data.NUM_STATUSES
                0x0000000020000000        0x4 Core/Src/main.o
 .data.SystemCoreClock
                0x0000000020000004        0x4 Core/Src/system_stm32l4xx.o
                0x0000000020000004                SystemCoreClock
 .data.uwTickPrio
                0x0000000020000008        0x4 Drivers/STM32L4xx_HAL_Driver/Src/stm32l4xx_hal.o
                0x0000000020000008                uwTickPrio
 .data.uwTickFreq
                0x000000002000000c        0x4 Drivers/STM32L4xx_HAL_Driver/Src/stm32l4xx_hal.o
                0x000000002000000c                uwTickFreq
 .data.uxCriticalNesting
                0x0000000020000010        0x4 Middlewares/Third_Party/FreeRTOS/Source/portable/GCC/ARM_CM4F/port.o
 .data._impure_ptr
                0x0000000020000014        0x4 c:/st/stm32cubeide_1.1.0/stm32cubeide/plugins/com.st.stm32cube.ide.mcu.externaltools.gnu-tools-for-stm32.7-2018-q2-update.win32_1.0.0.201904181610/tools/bin/../lib/gcc/arm-none-eabi/7.3.1/../../../../arm-none-eabi/lib/thumb/v7e-m/fpv4-sp/hard\libc_nano.a(lib_a-impure.o)
                0x0000000020000014                _impure_ptr
 .data.impure_data
                0x0000000020000018       0x60 c:/st/stm32cubeide_1.1.0/stm32cubeide/plugins/com.st.stm32cube.ide.mcu.externaltools.gnu-tools-for-stm32.7-2018-q2-update.win32_1.0.0.201904181610/tools/bin/../lib/gcc/arm-none-eabi/7.3.1/../../../../arm-none-eabi/lib/thumb/v7e-m/fpv4-sp/hard\libc_nano.a(lib_a-impure.o)
                0x0000000020000078                . = ALIGN (0x4)
                0x0000000020000078                _edata = .

.igot.plt       0x0000000020000078        0x0 load address 0x000000000800945c
 .igot.plt      0x0000000020000078        0x0 c:/st/stm32cubeide_1.1.0/stm32cubeide/plugins/com.st.stm32cube.ide.mcu.externaltools.gnu-tools-for-stm32.7-2018-q2-update.win32_1.0.0.201904181610/tools/bin/../lib/gcc/arm-none-eabi/7.3.1/thumb/v7e-m/fpv4-sp/hard/crtbegin.o
                0x0000000020000078                . = ALIGN (0x4)

.bss            0x0000000020000078     0x4ae0 load address 0x000000000800945c
                0x0000000020000078                _sbss = .
                0x0000000020000078                __bss_start__ = _sbss
 *(.bss)
 .bss           0x0000000020000078       0x1c c:/st/stm32cubeide_1.1.0/stm32cubeide/plugins/com.st.stm32cube.ide.mcu.externaltools.gnu-tools-for-stm32.7-2018-q2-update.win32_1.0.0.201904181610/tools/bin/../lib/gcc/arm-none-eabi/7.3.1/thumb/v7e-m/fpv4-sp/hard/crtbegin.o
 *(.bss*)
 .bss.customer_queue
                0x0000000020000094       0x2c Core/Src/main.o
 .bss.tellers   0x00000000200000c0       0x84 Core/Src/main.o
 .bss.heap_end.6424
                0x0000000020000144        0x4 Core/Src/sysmem.o
 .bss.KernelState
                0x0000000020000148        0x4 Middlewares/Third_Party/FreeRTOS/Source/CMSIS_RTOS_V2/cmsis_os2.o
 .bss.Idle_TCB  0x000000002000014c       0x5c Middlewares/Third_Party/FreeRTOS/Source/CMSIS_RTOS_V2/cmsis_os2.o
 .bss.Idle_Stack
                0x00000000200001a8      0x200 Middlewares/Third_Party/FreeRTOS/Source/CMSIS_RTOS_V2/cmsis_os2.o
 .bss.Timer_TCB
                0x00000000200003a8       0x5c Middlewares/Third_Party/FreeRTOS/Source/CMSIS_RTOS_V2/cmsis_os2.o
 .bss.Timer_Stack
                0x0000000020000404      0x400 Middlewares/Third_Party/FreeRTOS/Source/CMSIS_RTOS_V2/cmsis_os2.o
 .bss.pxCurrentTCB
                0x0000000020000804        0x4 Middlewares/Third_Party/FreeRTOS/Source/tasks.o
                0x0000000020000804                pxCurrentTCB
 .bss.pxReadyTasksLists
                0x0000000020000808      0x460 Middlewares/Third_Party/FreeRTOS/Source/tasks.o
 .bss.xDelayedTaskList1
                0x0000000020000c68       0x14 Middlewares/Third_Party/FreeRTOS/Source/tasks.o
 .bss.xDelayedTaskList2
                0x0000000020000c7c       0x14 Middlewares/Third_Party/FreeRTOS/Source/tasks.o
 .bss.pxDelayedTaskList
                0x0000000020000c90        0x4 Middlewares/Third_Party/FreeRTOS/Source/tasks.o
 .bss.pxOverflowDelayedTaskList
                0x0000000020000c94        0x4 Middlewares/Third_Party/FreeRTOS/Source/tasks.o
 .bss.xPendingReadyList
                0x0000000020000c98       0x14 Middlewares/Third_Party/FreeRTOS/Source/tasks.o
 .bss.xTasksWaitingTermination
                0x0000000020000cac       0x14 Middlewares/Third_Party/FreeRTOS/Source/tasks.o
 .bss.uxDeletedTasksWaitingCleanUp
                0x0000000020000cc0        0x4 Middlewares/Third_Party/FreeRTOS/Source/tasks.o
 .bss.xSuspendedTaskList
                0x0000000020000cc4       0x14 Middlewares/Third_Party/FreeRTOS/Source/tasks.o
 .bss.uxCurrentNumberOfTasks
                0x0000000020000cd8        0x4 Middlewares/Third_Party/FreeRTOS/Source/tasks.o
 .bss.xTickCount
                0x0000000020000cdc        0x4 Middlewares/Third_Party/FreeRTOS/Source/tasks.o
 .bss.uxTopReadyPriority
                0x0000000020000ce0        0x4 Middlewares/Third_Party/FreeRTOS/Source/tasks.o
 .bss.xSchedulerRunning
                0x0000000020000ce4        0x4 Middlewares/Third_Party/FreeRTOS/Source/tasks.o
 .bss.uxPendedTicks
                0x0000000020000ce8        0x4 Middlewares/Third_Party/FreeRTOS/Source/tasks.o
 .bss.xYieldPending
                0x0000000020000cec        0x4 Middlewares/Third_Party/FreeRTOS/Source/tasks.o
 .bss.xNumOfOverflows
                0x0000000020000cf0        0x4 Middlewares/Third_Party/FreeRTOS/Source/tasks.o
 .bss.uxTaskNumber
                0x0000000020000cf4        0x4 Middlewares/Third_Party/FreeRTOS/Source/tasks.o
 .bss.xNextTaskUnblockTime
                0x0000000020000cf8        0x4 Middlewares/Third_Party/FreeRTOS/Source/tasks.o
 .bss.xIdleTaskHandle
                0x0000000020000cfc        0x4 Middlewares/Third_Party/FreeRTOS/Source/tasks.o
 .bss.uxSchedulerSuspended
                0x0000000020000d00        0x4 Middlewares/Third_Party/FreeRTOS/Source/tasks.o
 .bss.xActiveTimerList1
                0x0000000020000d04       0x14 Middlewares/Third_Party/FreeRTOS/Source/timers.o
 .bss.xActiveTimerList2
                0x0000000020000d18       0x14 Middlewares/Third_Party/FreeRTOS/Source/timers.o
 .bss.pxCurrentTimerList
                0x0000000020000d2c        0x4 Middlewares/Third_Party/FreeRTOS/Source/timers.o
 .bss.pxOverflowTimerList
                0x0000000020000d30        0x4 Middlewares/Third_Party/FreeRTOS/Source/timers.o
 .bss.xTimerQueue
                0x0000000020000d34        0x4 Middlewares/Third_Party/FreeRTOS/Source/timers.o
 .bss.xTimerTaskHandle
                0x0000000020000d38        0x4 Middlewares/Third_Party/FreeRTOS/Source/timers.o
 .bss.xLastTime.6742
                0x0000000020000d3c        0x4 Middlewares/Third_Party/FreeRTOS/Source/timers.o
 .bss.ucStaticTimerQueueStorage.6793
                0x0000000020000d40       0xa0 Middlewares/Third_Party/FreeRTOS/Source/timers.o
 .bss.xStaticTimerQueue.6792
                0x0000000020000de0       0x50 Middlewares/Third_Party/FreeRTOS/Source/timers.o
 .bss.ucMaxSysCallPriority
                0x0000000020000e30        0x1 Middlewares/Third_Party/FreeRTOS/Source/portable/GCC/ARM_CM4F/port.o
 *fill*         0x0000000020000e31        0x3 
 .bss.ulMaxPRIGROUPValue
                0x0000000020000e34        0x4 Middlewares/Third_Party/FreeRTOS/Source/portable/GCC/ARM_CM4F/port.o
 .bss.ucHeap    0x0000000020000e38     0x3a98 Middlewares/Third_Party/FreeRTOS/Source/portable/MemMang/heap_4.o
 .bss.xStart    0x00000000200048d0        0x8 Middlewares/Third_Party/FreeRTOS/Source/portable/MemMang/heap_4.o
 .bss.pxEnd     0x00000000200048d8        0x4 Middlewares/Third_Party/FreeRTOS/Source/portable/MemMang/heap_4.o
 .bss.xFreeBytesRemaining
                0x00000000200048dc        0x4 Middlewares/Third_Party/FreeRTOS/Source/portable/MemMang/heap_4.o
 .bss.xMinimumEverFreeBytesRemaining
                0x00000000200048e0        0x4 Middlewares/Third_Party/FreeRTOS/Source/portable/MemMang/heap_4.o
 .bss.xBlockAllocatedBit
                0x00000000200048e4        0x4 Middlewares/Third_Party/FreeRTOS/Source/portable/MemMang/heap_4.o
 .bss.__malloc_free_list
                0x00000000200048e8        0x4 c:/st/stm32cubeide_1.1.0/stm32cubeide/plugins/com.st.stm32cube.ide.mcu.externaltools.gnu-tools-for-stm32.7-2018-q2-update.win32_1.0.0.201904181610/tools/bin/../lib/gcc/arm-none-eabi/7.3.1/../../../../arm-none-eabi/lib/thumb/v7e-m/fpv4-sp/hard\libc_nano.a(lib_a-nano-mallocr.o)
                0x00000000200048e8                __malloc_free_list
 .bss.__malloc_sbrk_start
                0x00000000200048ec        0x4 c:/st/stm32cubeide_1.1.0/stm32cubeide/plugins/com.st.stm32cube.ide.mcu.externaltools.gnu-tools-for-stm32.7-2018-q2-update.win32_1.0.0.201904181610/tools/bin/../lib/gcc/arm-none-eabi/7.3.1/../../../../arm-none-eabi/lib/thumb/v7e-m/fpv4-sp/hard\libc_nano.a(lib_a-nano-mallocr.o)
                0x00000000200048ec                __malloc_sbrk_start
 *(COMMON)
 COMMON         0x00000000200048f0        0x4 Core/Src/freertos.o
                0x00000000200048f0                master_timer
 COMMON         0x00000000200048f4      0x1dc Core/Src/main.o
                0x00000000200048f4                defaultTaskHandle
                0x00000000200048f8                rngBinarySemHandle
                0x00000000200048fc                TellerThread3Handle
                0x0000000020004900                printBinarySemControlBlock
                0x0000000020004950                printBinarySemHandle
                0x0000000020004954                rngBinarySemControlBlock
                0x00000000200049a4                hrng
                0x00000000200049b4                myBinarySem01Handle
                0x00000000200049b8                myBinarySem01ControlBlock
                0x0000000020004a08                htim2
                0x0000000020004a48                huart2
                0x0000000020004ac8                TellerThread2Handle
                0x0000000020004acc                TellerThread1Handle
 COMMON         0x0000000020004ad0       0x40 Core/Src/stm32l4xx_hal_timebase_tim.o
                0x0000000020004ad0                htim1
 COMMON         0x0000000020004b10        0x4 Drivers/STM32L4xx_HAL_Driver/Src/stm32l4xx_hal.o
                0x0000000020004b10                uwTick
 COMMON         0x0000000020004b14       0x40 Middlewares/Third_Party/FreeRTOS/Source/queue.o
                0x0000000020004b14                xQueueRegistry
 COMMON         0x0000000020004b54        0x4 c:/st/stm32cubeide_1.1.0/stm32cubeide/plugins/com.st.stm32cube.ide.mcu.externaltools.gnu-tools-for-stm32.7-2018-q2-update.win32_1.0.0.201904181610/tools/bin/../lib/gcc/arm-none-eabi/7.3.1/../../../../arm-none-eabi/lib/thumb/v7e-m/fpv4-sp/hard\libc_nano.a(lib_a-reent.o)
                0x0000000020004b54                errno
                0x0000000020004b58                . = ALIGN (0x4)
                0x0000000020004b58                _ebss = .
                0x0000000020004b58                __bss_end__ = _ebss

._user_heap_stack
                0x0000000020004b58      0x600 load address 0x000000000800945c
                0x0000000020004b58                . = ALIGN (0x8)
                0x0000000020004b58                PROVIDE (end = .)
                [!provide]                        PROVIDE (_end = .)
                0x0000000020004d58                . = (. + _Min_Heap_Size)
 *fill*         0x0000000020004b58      0x200 
                0x0000000020005158                . = (. + _Min_Stack_Size)
 *fill*         0x0000000020004d58      0x400 
                0x0000000020005158                . = ALIGN (0x8)

/DISCARD/
 libc.a(*)
 libm.a(*)
 libgcc.a(*)

.ARM.attributes
                0x0000000000000000       0x30
 *(.ARM.attributes)
 .ARM.attributes
                0x0000000000000000       0x22 c:/st/stm32cubeide_1.1.0/stm32cubeide/plugins/com.st.stm32cube.ide.mcu.externaltools.gnu-tools-for-stm32.7-2018-q2-update.win32_1.0.0.201904181610/tools/bin/../lib/gcc/arm-none-eabi/7.3.1/thumb/v7e-m/fpv4-sp/hard/crti.o
 .ARM.attributes
                0x0000000000000022       0x34 c:/st/stm32cubeide_1.1.0/stm32cubeide/plugins/com.st.stm32cube.ide.mcu.externaltools.gnu-tools-for-stm32.7-2018-q2-update.win32_1.0.0.201904181610/tools/bin/../lib/gcc/arm-none-eabi/7.3.1/thumb/v7e-m/fpv4-sp/hard/crtbegin.o
 .ARM.attributes
                0x0000000000000056       0x39 Core/Src/breaks.o
 .ARM.attributes
                0x000000000000008f       0x39 Core/Src/customers.o
 .ARM.attributes
                0x00000000000000c8       0x39 Core/Src/freertos.o
 .ARM.attributes
                0x0000000000000101       0x39 Core/Src/main.o
 .ARM.attributes
                0x000000000000013a       0x39 Core/Src/my_queue.o
 .ARM.attributes
                0x0000000000000173       0x39 Core/Src/stm32l4xx_hal_msp.o
 .ARM.attributes
                0x00000000000001ac       0x39 Core/Src/stm32l4xx_hal_timebase_tim.o
 .ARM.attributes
                0x00000000000001e5       0x39 Core/Src/stm32l4xx_it.o
 .ARM.attributes
                0x000000000000021e       0x39 Core/Src/sysmem.o
 .ARM.attributes
                0x0000000000000257       0x39 Core/Src/system_stm32l4xx.o
 .ARM.attributes
                0x0000000000000290       0x39 Core/Src/tellers.o
 .ARM.attributes
                0x00000000000002c9       0x21 Core/Startup/startup_stm32l476vgtx.o
 .ARM.attributes
                0x00000000000002ea       0x39 Drivers/STM32L4xx_HAL_Driver/Src/stm32l4xx_hal.o
 .ARM.attributes
                0x0000000000000323       0x39 Drivers/STM32L4xx_HAL_Driver/Src/stm32l4xx_hal_cortex.o
 .ARM.attributes
                0x000000000000035c       0x39 Drivers/STM32L4xx_HAL_Driver/Src/stm32l4xx_hal_gpio.o
 .ARM.attributes
                0x0000000000000395       0x39 Drivers/STM32L4xx_HAL_Driver/Src/stm32l4xx_hal_pwr.o
 .ARM.attributes
                0x00000000000003ce       0x39 Drivers/STM32L4xx_HAL_Driver/Src/stm32l4xx_hal_pwr_ex.o
 .ARM.attributes
                0x0000000000000407       0x39 Drivers/STM32L4xx_HAL_Driver/Src/stm32l4xx_hal_rcc.o
 .ARM.attributes
                0x0000000000000440       0x39 Drivers/STM32L4xx_HAL_Driver/Src/stm32l4xx_hal_rcc_ex.o
 .ARM.attributes
                0x0000000000000479       0x39 Drivers/STM32L4xx_HAL_Driver/Src/stm32l4xx_hal_rng.o
 .ARM.attributes
                0x00000000000004b2       0x39 Drivers/STM32L4xx_HAL_Driver/Src/stm32l4xx_hal_tim.o
 .ARM.attributes
                0x00000000000004eb       0x39 Drivers/STM32L4xx_HAL_Driver/Src/stm32l4xx_hal_tim_ex.o
 .ARM.attributes
                0x0000000000000524       0x39 Drivers/STM32L4xx_HAL_Driver/Src/stm32l4xx_hal_uart.o
 .ARM.attributes
                0x000000000000055d       0x39 Middlewares/Third_Party/FreeRTOS/Source/CMSIS_RTOS_V2/cmsis_os2.o
 .ARM.attributes
                0x0000000000000596       0x39 Middlewares/Third_Party/FreeRTOS/Source/list.o
 .ARM.attributes
                0x00000000000005cf       0x39 Middlewares/Third_Party/FreeRTOS/Source/queue.o
 .ARM.attributes
                0x0000000000000608       0x39 Middlewares/Third_Party/FreeRTOS/Source/tasks.o
 .ARM.attributes
                0x0000000000000641       0x39 Middlewares/Third_Party/FreeRTOS/Source/timers.o
 .ARM.attributes
                0x000000000000067a       0x39 Middlewares/Third_Party/FreeRTOS/Source/portable/GCC/ARM_CM4F/port.o
 .ARM.attributes
                0x00000000000006b3       0x39 Middlewares/Third_Party/FreeRTOS/Source/portable/MemMang/heap_4.o
 .ARM.attributes
                0x00000000000006ec       0x34 c:/st/stm32cubeide_1.1.0/stm32cubeide/plugins/com.st.stm32cube.ide.mcu.externaltools.gnu-tools-for-stm32.7-2018-q2-update.win32_1.0.0.201904181610/tools/bin/../lib/gcc/arm-none-eabi/7.3.1/../../../../arm-none-eabi/lib/thumb/v7e-m/fpv4-sp/hard\libc_nano.a(lib_a-errno.o)
 .ARM.attributes
                0x0000000000000720       0x34 c:/st/stm32cubeide_1.1.0/stm32cubeide/plugins/com.st.stm32cube.ide.mcu.externaltools.gnu-tools-for-stm32.7-2018-q2-update.win32_1.0.0.201904181610/tools/bin/../lib/gcc/arm-none-eabi/7.3.1/../../../../arm-none-eabi/lib/thumb/v7e-m/fpv4-sp/hard\libc_nano.a(lib_a-impure.o)
 .ARM.attributes
                0x0000000000000754       0x34 c:/st/stm32cubeide_1.1.0/stm32cubeide/plugins/com.st.stm32cube.ide.mcu.externaltools.gnu-tools-for-stm32.7-2018-q2-update.win32_1.0.0.201904181610/tools/bin/../lib/gcc/arm-none-eabi/7.3.1/../../../../arm-none-eabi/lib/thumb/v7e-m/fpv4-sp/hard\libc_nano.a(lib_a-init.o)
 .ARM.attributes
                0x0000000000000788       0x34 c:/st/stm32cubeide_1.1.0/stm32cubeide/plugins/com.st.stm32cube.ide.mcu.externaltools.gnu-tools-for-stm32.7-2018-q2-update.win32_1.0.0.201904181610/tools/bin/../lib/gcc/arm-none-eabi/7.3.1/../../../../arm-none-eabi/lib/thumb/v7e-m/fpv4-sp/hard\libc_nano.a(lib_a-memcpy-stub.o)
 .ARM.attributes
                0x00000000000007bc       0x34 c:/st/stm32cubeide_1.1.0/stm32cubeide/plugins/com.st.stm32cube.ide.mcu.externaltools.gnu-tools-for-stm32.7-2018-q2-update.win32_1.0.0.201904181610/tools/bin/../lib/gcc/arm-none-eabi/7.3.1/../../../../arm-none-eabi/lib/thumb/v7e-m/fpv4-sp/hard\libc_nano.a(lib_a-memset.o)
 .ARM.attributes
                0x00000000000007f0       0x34 c:/st/stm32cubeide_1.1.0/stm32cubeide/plugins/com.st.stm32cube.ide.mcu.externaltools.gnu-tools-for-stm32.7-2018-q2-update.win32_1.0.0.201904181610/tools/bin/../lib/gcc/arm-none-eabi/7.3.1/../../../../arm-none-eabi/lib/thumb/v7e-m/fpv4-sp/hard\libc_nano.a(lib_a-sprintf.o)
 .ARM.attributes
                0x0000000000000824       0x1b c:/st/stm32cubeide_1.1.0/stm32cubeide/plugins/com.st.stm32cube.ide.mcu.externaltools.gnu-tools-for-stm32.7-2018-q2-update.win32_1.0.0.201904181610/tools/bin/../lib/gcc/arm-none-eabi/7.3.1/../../../../arm-none-eabi/lib/thumb/v7e-m/fpv4-sp/hard\libc_nano.a(lib_a-strlen.o)
 .ARM.attributes
                0x000000000000083f       0x34 c:/st/stm32cubeide_1.1.0/stm32cubeide/plugins/com.st.stm32cube.ide.mcu.externaltools.gnu-tools-for-stm32.7-2018-q2-update.win32_1.0.0.201904181610/tools/bin/../lib/gcc/arm-none-eabi/7.3.1/../../../../arm-none-eabi/lib/thumb/v7e-m/fpv4-sp/hard\libc_nano.a(lib_a-nano-svfprintf.o)
 .ARM.attributes
                0x0000000000000873       0x34 c:/st/stm32cubeide_1.1.0/stm32cubeide/plugins/com.st.stm32cube.ide.mcu.externaltools.gnu-tools-for-stm32.7-2018-q2-update.win32_1.0.0.201904181610/tools/bin/../lib/gcc/arm-none-eabi/7.3.1/../../../../arm-none-eabi/lib/thumb/v7e-m/fpv4-sp/hard\libc_nano.a(lib_a-nano-vfprintf_i.o)
 .ARM.attributes
                0x00000000000008a7       0x20 c:/st/stm32cubeide_1.1.0/stm32cubeide/plugins/com.st.stm32cube.ide.mcu.externaltools.gnu-tools-for-stm32.7-2018-q2-update.win32_1.0.0.201904181610/tools/bin/../lib/gcc/arm-none-eabi/7.3.1/../../../../arm-none-eabi/lib/thumb/v7e-m/fpv4-sp/hard\libc_nano.a(lib_a-memchr.o)
 .ARM.attributes
                0x00000000000008c7       0x34 c:/st/stm32cubeide_1.1.0/stm32cubeide/plugins/com.st.stm32cube.ide.mcu.externaltools.gnu-tools-for-stm32.7-2018-q2-update.win32_1.0.0.201904181610/tools/bin/../lib/gcc/arm-none-eabi/7.3.1/../../../../arm-none-eabi/lib/thumb/v7e-m/fpv4-sp/hard\libc_nano.a(lib_a-memmove.o)
 .ARM.attributes
                0x00000000000008fb       0x34 c:/st/stm32cubeide_1.1.0/stm32cubeide/plugins/com.st.stm32cube.ide.mcu.externaltools.gnu-tools-for-stm32.7-2018-q2-update.win32_1.0.0.201904181610/tools/bin/../lib/gcc/arm-none-eabi/7.3.1/../../../../arm-none-eabi/lib/thumb/v7e-m/fpv4-sp/hard\libc_nano.a(lib_a-nano-freer.o)
 .ARM.attributes
                0x000000000000092f       0x34 c:/st/stm32cubeide_1.1.0/stm32cubeide/plugins/com.st.stm32cube.ide.mcu.externaltools.gnu-tools-for-stm32.7-2018-q2-update.win32_1.0.0.201904181610/tools/bin/../lib/gcc/arm-none-eabi/7.3.1/../../../../arm-none-eabi/lib/thumb/v7e-m/fpv4-sp/hard\libc_nano.a(lib_a-nano-mallocr.o)
 .ARM.attributes
                0x0000000000000963       0x34 c:/st/stm32cubeide_1.1.0/stm32cubeide/plugins/com.st.stm32cube.ide.mcu.externaltools.gnu-tools-for-stm32.7-2018-q2-update.win32_1.0.0.201904181610/tools/bin/../lib/gcc/arm-none-eabi/7.3.1/../../../../arm-none-eabi/lib/thumb/v7e-m/fpv4-sp/hard\libc_nano.a(lib_a-nano-reallocr.o)
 .ARM.attributes
                0x0000000000000997       0x34 c:/st/stm32cubeide_1.1.0/stm32cubeide/plugins/com.st.stm32cube.ide.mcu.externaltools.gnu-tools-for-stm32.7-2018-q2-update.win32_1.0.0.201904181610/tools/bin/../lib/gcc/arm-none-eabi/7.3.1/../../../../arm-none-eabi/lib/thumb/v7e-m/fpv4-sp/hard\libc_nano.a(lib_a-sbrkr.o)
 .ARM.attributes
                0x00000000000009cb       0x34 c:/st/stm32cubeide_1.1.0/stm32cubeide/plugins/com.st.stm32cube.ide.mcu.externaltools.gnu-tools-for-stm32.7-2018-q2-update.win32_1.0.0.201904181610/tools/bin/../lib/gcc/arm-none-eabi/7.3.1/../../../../arm-none-eabi/lib/thumb/v7e-m/fpv4-sp/hard\libc_nano.a(lib_a-mlock.o)
 .ARM.attributes
                0x00000000000009ff       0x34 c:/st/stm32cubeide_1.1.0/stm32cubeide/plugins/com.st.stm32cube.ide.mcu.externaltools.gnu-tools-for-stm32.7-2018-q2-update.win32_1.0.0.201904181610/tools/bin/../lib/gcc/arm-none-eabi/7.3.1/../../../../arm-none-eabi/lib/thumb/v7e-m/fpv4-sp/hard\libc_nano.a(lib_a-nano-msizer.o)
 .ARM.attributes
                0x0000000000000a33       0x34 c:/st/stm32cubeide_1.1.0/stm32cubeide/plugins/com.st.stm32cube.ide.mcu.externaltools.gnu-tools-for-stm32.7-2018-q2-update.win32_1.0.0.201904181610/tools/bin/../lib/gcc/arm-none-eabi/7.3.1/../../../../arm-none-eabi/lib/thumb/v7e-m/fpv4-sp/hard\libc_nano.a(lib_a-reent.o)
 .ARM.attributes
                0x0000000000000a67       0x22 c:/st/stm32cubeide_1.1.0/stm32cubeide/plugins/com.st.stm32cube.ide.mcu.externaltools.gnu-tools-for-stm32.7-2018-q2-update.win32_1.0.0.201904181610/tools/bin/../lib/gcc/arm-none-eabi/7.3.1/thumb/v7e-m/fpv4-sp/hard\libgcc.a(_aeabi_uldivmod.o)
 .ARM.attributes
                0x0000000000000a89       0x34 c:/st/stm32cubeide_1.1.0/stm32cubeide/plugins/com.st.stm32cube.ide.mcu.externaltools.gnu-tools-for-stm32.7-2018-q2-update.win32_1.0.0.201904181610/tools/bin/../lib/gcc/arm-none-eabi/7.3.1/thumb/v7e-m/fpv4-sp/hard\libgcc.a(_udivmoddi4.o)
 .ARM.attributes
                0x0000000000000abd       0x22 c:/st/stm32cubeide_1.1.0/stm32cubeide/plugins/com.st.stm32cube.ide.mcu.externaltools.gnu-tools-for-stm32.7-2018-q2-update.win32_1.0.0.201904181610/tools/bin/../lib/gcc/arm-none-eabi/7.3.1/thumb/v7e-m/fpv4-sp/hard\libgcc.a(_dvmd_tls.o)
 .ARM.attributes
                0x0000000000000adf       0x22 c:/st/stm32cubeide_1.1.0/stm32cubeide/plugins/com.st.stm32cube.ide.mcu.externaltools.gnu-tools-for-stm32.7-2018-q2-update.win32_1.0.0.201904181610/tools/bin/../lib/gcc/arm-none-eabi/7.3.1/thumb/v7e-m/fpv4-sp/hard/crtn.o
OUTPUT(Proj3Demo.elf elf32-littlearm)

.debug_info     0x0000000000000000    0x20894
 .debug_info    0x0000000000000000      0x99a Core/Src/breaks.o
 .debug_info    0x000000000000099a      0x941 Core/Src/customers.o
 .debug_info    0x00000000000012db      0x28f Core/Src/freertos.o
 .debug_info    0x000000000000156a     0x28fc Core/Src/main.o
 .debug_info    0x0000000000003e66      0xb1e Core/Src/my_queue.o
 .debug_info    0x0000000000004984     0x1204 Core/Src/stm32l4xx_hal_msp.o
 .debug_info    0x0000000000005b88      0xc8b Core/Src/stm32l4xx_hal_timebase_tim.o
 .debug_info    0x0000000000006813      0xff5 Core/Src/stm32l4xx_it.o
 .debug_info    0x0000000000007808      0x91c Core/Src/sysmem.o
 .debug_info    0x0000000000008124      0x6f6 Core/Src/system_stm32l4xx.o
 .debug_info    0x000000000000881a      0xaa7 Core/Src/tellers.o
 .debug_info    0x00000000000092c1       0x22 Core/Startup/startup_stm32l476vgtx.o
 .debug_info    0x00000000000092e3      0xcee Drivers/STM32L4xx_HAL_Driver/Src/stm32l4xx_hal.o
 .debug_info    0x0000000000009fd1      0xf3c Drivers/STM32L4xx_HAL_Driver/Src/stm32l4xx_hal_cortex.o
 .debug_info    0x000000000000af0d      0x982 Drivers/STM32L4xx_HAL_Driver/Src/stm32l4xx_hal_gpio.o
 .debug_info    0x000000000000b88f      0xa60 Drivers/STM32L4xx_HAL_Driver/Src/stm32l4xx_hal_pwr.o
 .debug_info    0x000000000000c2ef      0xb04 Drivers/STM32L4xx_HAL_Driver/Src/stm32l4xx_hal_pwr_ex.o
 .debug_info    0x000000000000cdf3      0xcfe Drivers/STM32L4xx_HAL_Driver/Src/stm32l4xx_hal_rcc.o
 .debug_info    0x000000000000daf1      0xf10 Drivers/STM32L4xx_HAL_Driver/Src/stm32l4xx_hal_rcc_ex.o
 .debug_info    0x000000000000ea01      0x64b Drivers/STM32L4xx_HAL_Driver/Src/stm32l4xx_hal_rng.o
 .debug_info    0x000000000000f04c     0x266f Drivers/STM32L4xx_HAL_Driver/Src/stm32l4xx_hal_tim.o
 .debug_info    0x00000000000116bb     0x13d8 Drivers/STM32L4xx_HAL_Driver/Src/stm32l4xx_hal_tim_ex.o
 .debug_info    0x0000000000012a93     0x180e Drivers/STM32L4xx_HAL_Driver/Src/stm32l4xx_hal_uart.o
 .debug_info    0x00000000000142a1     0x402c Middlewares/Third_Party/FreeRTOS/Source/CMSIS_RTOS_V2/cmsis_os2.o
 .debug_info    0x00000000000182cd      0xacb Middlewares/Third_Party/FreeRTOS/Source/list.o
 .debug_info    0x0000000000018d98     0x239c Middlewares/Third_Party/FreeRTOS/Source/queue.o
 .debug_info    0x000000000001b134     0x2b7c Middlewares/Third_Party/FreeRTOS/Source/tasks.o
 .debug_info    0x000000000001dcb0     0x1ac7 Middlewares/Third_Party/FreeRTOS/Source/timers.o
 .debug_info    0x000000000001f777      0x533 Middlewares/Third_Party/FreeRTOS/Source/portable/GCC/ARM_CM4F/port.o
 .debug_info    0x000000000001fcaa      0xbea Middlewares/Third_Party/FreeRTOS/Source/portable/MemMang/heap_4.o

.debug_abbrev   0x0000000000000000     0x3dba
 .debug_abbrev  0x0000000000000000      0x1b9 Core/Src/breaks.o
 .debug_abbrev  0x00000000000001b9      0x1c6 Core/Src/customers.o
 .debug_abbrev  0x000000000000037f       0xbf Core/Src/freertos.o
 .debug_abbrev  0x000000000000043e      0x2e9 Core/Src/main.o
 .debug_abbrev  0x0000000000000727      0x230 Core/Src/my_queue.o
 .debug_abbrev  0x0000000000000957      0x1d1 Core/Src/stm32l4xx_hal_msp.o
 .debug_abbrev  0x0000000000000b28      0x19d Core/Src/stm32l4xx_hal_timebase_tim.o
 .debug_abbrev  0x0000000000000cc5      0x1dc Core/Src/stm32l4xx_it.o
 .debug_abbrev  0x0000000000000ea1      0x1bb Core/Src/sysmem.o
 .debug_abbrev  0x000000000000105c      0x150 Core/Src/system_stm32l4xx.o
 .debug_abbrev  0x00000000000011ac      0x1d5 Core/Src/tellers.o
 .debug_abbrev  0x0000000000001381       0x12 Core/Startup/startup_stm32l476vgtx.o
 .debug_abbrev  0x0000000000001393      0x1fb Drivers/STM32L4xx_HAL_Driver/Src/stm32l4xx_hal.o
 .debug_abbrev  0x000000000000158e      0x2fa Drivers/STM32L4xx_HAL_Driver/Src/stm32l4xx_hal_cortex.o
 .debug_abbrev  0x0000000000001888      0x1c0 Drivers/STM32L4xx_HAL_Driver/Src/stm32l4xx_hal_gpio.o
 .debug_abbrev  0x0000000000001a48      0x18b Drivers/STM32L4xx_HAL_Driver/Src/stm32l4xx_hal_pwr.o
 .debug_abbrev  0x0000000000001bd3      0x1cb Drivers/STM32L4xx_HAL_Driver/Src/stm32l4xx_hal_pwr_ex.o
 .debug_abbrev  0x0000000000001d9e      0x245 Drivers/STM32L4xx_HAL_Driver/Src/stm32l4xx_hal_rcc.o
 .debug_abbrev  0x0000000000001fe3      0x238 Drivers/STM32L4xx_HAL_Driver/Src/stm32l4xx_hal_rcc_ex.o
 .debug_abbrev  0x000000000000221b      0x1af Drivers/STM32L4xx_HAL_Driver/Src/stm32l4xx_hal_rng.o
 .debug_abbrev  0x00000000000023ca      0x230 Drivers/STM32L4xx_HAL_Driver/Src/stm32l4xx_hal_tim.o
 .debug_abbrev  0x00000000000025fa      0x21e Drivers/STM32L4xx_HAL_Driver/Src/stm32l4xx_hal_tim_ex.o
 .debug_abbrev  0x0000000000002818      0x205 Drivers/STM32L4xx_HAL_Driver/Src/stm32l4xx_hal_uart.o
 .debug_abbrev  0x0000000000002a1d      0x3c3 Middlewares/Third_Party/FreeRTOS/Source/CMSIS_RTOS_V2/cmsis_os2.o
 .debug_abbrev  0x0000000000002de0      0x1cf Middlewares/Third_Party/FreeRTOS/Source/list.o
 .debug_abbrev  0x0000000000002faf      0x336 Middlewares/Third_Party/FreeRTOS/Source/queue.o
 .debug_abbrev  0x00000000000032e5      0x350 Middlewares/Third_Party/FreeRTOS/Source/tasks.o
 .debug_abbrev  0x0000000000003635      0x2d7 Middlewares/Third_Party/FreeRTOS/Source/timers.o
 .debug_abbrev  0x000000000000390c      0x210 Middlewares/Third_Party/FreeRTOS/Source/portable/GCC/ARM_CM4F/port.o
 .debug_abbrev  0x0000000000003b1c      0x29e Middlewares/Third_Party/FreeRTOS/Source/portable/MemMang/heap_4.o

.debug_aranges  0x0000000000000000     0x17b8
 .debug_aranges
                0x0000000000000000       0x38 Core/Src/breaks.o
 .debug_aranges
                0x0000000000000038       0x28 Core/Src/customers.o
 .debug_aranges
                0x0000000000000060       0x18 Core/Src/freertos.o
 .debug_aranges
                0x0000000000000078       0x80 Core/Src/main.o
 .debug_aranges
                0x00000000000000f8       0x48 Core/Src/my_queue.o
 .debug_aranges
                0x0000000000000140       0x50 Core/Src/stm32l4xx_hal_msp.o
 .debug_aranges
                0x0000000000000190       0x30 Core/Src/stm32l4xx_hal_timebase_tim.o
 .debug_aranges
                0x00000000000001c0       0x58 Core/Src/stm32l4xx_it.o
 .debug_aranges
                0x0000000000000218       0x20 Core/Src/sysmem.o
 .debug_aranges
                0x0000000000000238       0x28 Core/Src/system_stm32l4xx.o
 .debug_aranges
                0x0000000000000260       0x20 Core/Src/tellers.o
 .debug_aranges
                0x0000000000000280       0x28 Core/Startup/startup_stm32l476vgtx.o
 .debug_aranges
                0x00000000000002a8      0x130 Drivers/STM32L4xx_HAL_Driver/Src/stm32l4xx_hal.o
 .debug_aranges
                0x00000000000003d8      0x118 Drivers/STM32L4xx_HAL_Driver/Src/stm32l4xx_hal_cortex.o
 .debug_aranges
                0x00000000000004f0       0x58 Drivers/STM32L4xx_HAL_Driver/Src/stm32l4xx_hal_gpio.o
 .debug_aranges
                0x0000000000000548       0x98 Drivers/STM32L4xx_HAL_Driver/Src/stm32l4xx_hal_pwr.o
 .debug_aranges
                0x00000000000005e0      0x150 Drivers/STM32L4xx_HAL_Driver/Src/stm32l4xx_hal_pwr_ex.o
 .debug_aranges
                0x0000000000000730       0x88 Drivers/STM32L4xx_HAL_Driver/Src/stm32l4xx_hal_rcc.o
 .debug_aranges
                0x00000000000007b8       0xc0 Drivers/STM32L4xx_HAL_Driver/Src/stm32l4xx_hal_rcc_ex.o
 .debug_aranges
                0x0000000000000878       0x88 Drivers/STM32L4xx_HAL_Driver/Src/stm32l4xx_hal_rng.o
 .debug_aranges
                0x0000000000000900      0x3b8 Drivers/STM32L4xx_HAL_Driver/Src/stm32l4xx_hal_tim.o
 .debug_aranges
                0x0000000000000cb8      0x168 Drivers/STM32L4xx_HAL_Driver/Src/stm32l4xx_hal_tim_ex.o
 .debug_aranges
                0x0000000000000e20      0x210 Drivers/STM32L4xx_HAL_Driver/Src/stm32l4xx_hal_uart.o
 .debug_aranges
                0x0000000000001030      0x228 Middlewares/Third_Party/FreeRTOS/Source/CMSIS_RTOS_V2/cmsis_os2.o
 .debug_aranges
                0x0000000000001258       0x40 Middlewares/Third_Party/FreeRTOS/Source/list.o
 .debug_aranges
                0x0000000000001298      0x158 Middlewares/Third_Party/FreeRTOS/Source/queue.o
 .debug_aranges
                0x00000000000013f0      0x210 Middlewares/Third_Party/FreeRTOS/Source/tasks.o
 .debug_aranges
                0x0000000000001600       0xe8 Middlewares/Third_Party/FreeRTOS/Source/timers.o
 .debug_aranges
                0x00000000000016e8       0x80 Middlewares/Third_Party/FreeRTOS/Source/portable/GCC/ARM_CM4F/port.o
 .debug_aranges
                0x0000000000001768       0x50 Middlewares/Third_Party/FreeRTOS/Source/portable/MemMang/heap_4.o

.debug_ranges   0x0000000000000000     0x15d8
 .debug_ranges  0x0000000000000000       0x28 Core/Src/breaks.o
 .debug_ranges  0x0000000000000028       0x18 Core/Src/customers.o
 .debug_ranges  0x0000000000000040       0x70 Core/Src/main.o
 .debug_ranges  0x00000000000000b0       0x38 Core/Src/my_queue.o
 .debug_ranges  0x00000000000000e8       0x40 Core/Src/stm32l4xx_hal_msp.o
 .debug_ranges  0x0000000000000128       0x20 Core/Src/stm32l4xx_hal_timebase_tim.o
 .debug_ranges  0x0000000000000148       0x48 Core/Src/stm32l4xx_it.o
 .debug_ranges  0x0000000000000190       0x10 Core/Src/sysmem.o
 .debug_ranges  0x00000000000001a0       0x18 Core/Src/system_stm32l4xx.o