main.c:140:5:main	8	static
main.c:237:6:SystemClock_Config	232	static
main.c:308:13:MX_RNG_Init	8	static
main.c:334:13:MX_TIM2_Init	40	static
main.c:380:13:MX_USART2_UART_Init	8	static
main.c:415:13:MX_GPIO_Init	56	static
main.c:642:21:teller_process	104	static
main.c:790:6:StartDefaultTask	152	static
main.c:1035:6:StartTask02	16	static
main.c:1179:6:StartTask03	16	static
main.c:1307:6:StartTask04	16	static
main.c:1327:6:HAL_TIM_PeriodElapsedCallback	16	static
main.c:1344:6:Error_Handler	4	static
